Archive member included to satisfy reference by file (symbol)

c:/st/stm32cubeide_1.4.0/stm32cubeide/plugins/com.st.stm32cube.ide.mcu.externaltools.gnu-tools-for-stm32.7-2018-q2-update.win32_1.4.0.202007081208/tools/bin/../lib/gcc/arm-none-eabi/7.3.1/../../../../arm-none-eabi/lib/thumb/v7e-m/fpv4-sp/hard\libc_nano.a(lib_a-errno.o)
                              Core/Src/syscalls.o (__errno)
c:/st/stm32cubeide_1.4.0/stm32cubeide/plugins/com.st.stm32cube.ide.mcu.externaltools.gnu-tools-for-stm32.7-2018-q2-update.win32_1.4.0.202007081208/tools/bin/../lib/gcc/arm-none-eabi/7.3.1/../../../../arm-none-eabi/lib/thumb/v7e-m/fpv4-sp/hard\libc_nano.a(lib_a-exit.o)
                              c:/st/stm32cubeide_1.4.0/stm32cubeide/plugins/com.st.stm32cube.ide.mcu.externaltools.gnu-tools-for-stm32.7-2018-q2-update.win32_1.4.0.202007081208/tools/bin/../lib/gcc/arm-none-eabi/7.3.1/../../../../arm-none-eabi/lib/thumb/v7e-m/fpv4-sp/hard/crt0.o (exit)
c:/st/stm32cubeide_1.4.0/stm32cubeide/plugins/com.st.stm32cube.ide.mcu.externaltools.gnu-tools-for-stm32.7-2018-q2-update.win32_1.4.0.202007081208/tools/bin/../lib/gcc/arm-none-eabi/7.3.1/../../../../arm-none-eabi/lib/thumb/v7e-m/fpv4-sp/hard\libc_nano.a(lib_a-impure.o)
                              c:/st/stm32cubeide_1.4.0/stm32cubeide/plugins/com.st.stm32cube.ide.mcu.externaltools.gnu-tools-for-stm32.7-2018-q2-update.win32_1.4.0.202007081208/tools/bin/../lib/gcc/arm-none-eabi/7.3.1/../../../../arm-none-eabi/lib/thumb/v7e-m/fpv4-sp/hard\libc_nano.a(lib_a-exit.o) (_global_impure_ptr)
c:/st/stm32cubeide_1.4.0/stm32cubeide/plugins/com.st.stm32cube.ide.mcu.externaltools.gnu-tools-for-stm32.7-2018-q2-update.win32_1.4.0.202007081208/tools/bin/../lib/gcc/arm-none-eabi/7.3.1/../../../../arm-none-eabi/lib/thumb/v7e-m/fpv4-sp/hard\libc_nano.a(lib_a-init.o)
                              c:/st/stm32cubeide_1.4.0/stm32cubeide/plugins/com.st.stm32cube.ide.mcu.externaltools.gnu-tools-for-stm32.7-2018-q2-update.win32_1.4.0.202007081208/tools/bin/../lib/gcc/arm-none-eabi/7.3.1/../../../../arm-none-eabi/lib/thumb/v7e-m/fpv4-sp/hard/crt0.o (__libc_init_array)
c:/st/stm32cubeide_1.4.0/stm32cubeide/plugins/com.st.stm32cube.ide.mcu.externaltools.gnu-tools-for-stm32.7-2018-q2-update.win32_1.4.0.202007081208/tools/bin/../lib/gcc/arm-none-eabi/7.3.1/../../../../arm-none-eabi/lib/thumb/v7e-m/fpv4-sp/hard\libc_nano.a(lib_a-malloc.o)
                              Core/Src/ReadSensorValues.o (malloc)
c:/st/stm32cubeide_1.4.0/stm32cubeide/plugins/com.st.stm32cube.ide.mcu.externaltools.gnu-tools-for-stm32.7-2018-q2-update.win32_1.4.0.202007081208/tools/bin/../lib/gcc/arm-none-eabi/7.3.1/../../../../arm-none-eabi/lib/thumb/v7e-m/fpv4-sp/hard\libc_nano.a(lib_a-memcpy-stub.o)
                              Core/Src/ReadSensorValues.o (memcpy)
c:/st/stm32cubeide_1.4.0/stm32cubeide/plugins/com.st.stm32cube.ide.mcu.externaltools.gnu-tools-for-stm32.7-2018-q2-update.win32_1.4.0.202007081208/tools/bin/../lib/gcc/arm-none-eabi/7.3.1/../../../../arm-none-eabi/lib/thumb/v7e-m/fpv4-sp/hard\libc_nano.a(lib_a-memset.o)
                              c:/st/stm32cubeide_1.4.0/stm32cubeide/plugins/com.st.stm32cube.ide.mcu.externaltools.gnu-tools-for-stm32.7-2018-q2-update.win32_1.4.0.202007081208/tools/bin/../lib/gcc/arm-none-eabi/7.3.1/../../../../arm-none-eabi/lib/thumb/v7e-m/fpv4-sp/hard/crt0.o (memset)
c:/st/stm32cubeide_1.4.0/stm32cubeide/plugins/com.st.stm32cube.ide.mcu.externaltools.gnu-tools-for-stm32.7-2018-q2-update.win32_1.4.0.202007081208/tools/bin/../lib/gcc/arm-none-eabi/7.3.1/../../../../arm-none-eabi/lib/thumb/v7e-m/fpv4-sp/hard\libc_nano.a(lib_a-nano-freer.o)
                              c:/st/stm32cubeide_1.4.0/stm32cubeide/plugins/com.st.stm32cube.ide.mcu.externaltools.gnu-tools-for-stm32.7-2018-q2-update.win32_1.4.0.202007081208/tools/bin/../lib/gcc/arm-none-eabi/7.3.1/../../../../arm-none-eabi/lib/thumb/v7e-m/fpv4-sp/hard\libc_nano.a(lib_a-malloc.o) (_free_r)
c:/st/stm32cubeide_1.4.0/stm32cubeide/plugins/com.st.stm32cube.ide.mcu.externaltools.gnu-tools-for-stm32.7-2018-q2-update.win32_1.4.0.202007081208/tools/bin/../lib/gcc/arm-none-eabi/7.3.1/../../../../arm-none-eabi/lib/thumb/v7e-m/fpv4-sp/hard\libc_nano.a(lib_a-nano-mallocr.o)
                              c:/st/stm32cubeide_1.4.0/stm32cubeide/plugins/com.st.stm32cube.ide.mcu.externaltools.gnu-tools-for-stm32.7-2018-q2-update.win32_1.4.0.202007081208/tools/bin/../lib/gcc/arm-none-eabi/7.3.1/../../../../arm-none-eabi/lib/thumb/v7e-m/fpv4-sp/hard\libc_nano.a(lib_a-malloc.o) (_malloc_r)
c:/st/stm32cubeide_1.4.0/stm32cubeide/plugins/com.st.stm32cube.ide.mcu.externaltools.gnu-tools-for-stm32.7-2018-q2-update.win32_1.4.0.202007081208/tools/bin/../lib/gcc/arm-none-eabi/7.3.1/../../../../arm-none-eabi/lib/thumb/v7e-m/fpv4-sp/hard\libc_nano.a(lib_a-sbrkr.o)
[...]
Memory Configuration

Name             Origin             Length             Attributes
CCMRAM           0x0000000010000000 0x0000000000004000 xrw
RAM              0x0000000020000000 0x0000000000010000 xrw
FLASH            0x0000000008008800 0x0000000000077400 xr
*default*        0x0000000000000000 0xffffffffffffffff

Linker script and memory map

LOAD c:/st/stm32cubeide_1.4.0/stm32cubeide/plugins/com.st.stm32cube.ide.mcu.externaltools.gnu-tools-for-stm32.7-2018-q2-update.win32_1.4.0.202007081208/tools/bin/../lib/gcc/arm-none-eabi/7.3.1/thumb/v7e-m/fpv4-sp/hard/crti.o
LOAD c:/st/stm32cubeide_1.4.0/stm32cubeide/plugins/com.st.stm32cube.ide.mcu.externaltools.gnu-tools-for-stm32.7-2018-q2-update.win32_1.4.0.202007081208/tools/bin/../lib/gcc/arm-none-eabi/7.3.1/thumb/v7e-m/fpv4-sp/hard/crtbegin.o
LOAD c:/st/stm32cubeide_1.4.0/stm32cubeide/plugins/com.st.stm32cube.ide.mcu.externaltools.gnu-tools-for-stm32.7-2018-q2-update.win32_1.4.0.202007081208/tools/bin/../lib/gcc/arm-none-eabi/7.3.1/../../../../arm-none-eabi/lib/thumb/v7e-m/fpv4-sp/hard/crt0.o
LOAD Core/Src/ReadSensorValues.o
LOAD Core/Src/main.o
LOAD Core/Src/stm32f3xx_hal_msp.o
LOAD Core/Src/stm32f3xx_it.o
LOAD Core/Src/syscalls.o
LOAD Core/Src/sysmem.o
LOAD Core/Src/system_stm32f3xx.o
LOAD Core/Startup/startup_stm32f303retx.o
LOAD Drivers/DIGIPOT_MCP4222/MCP_Read_Write.o
LOAD Drivers/HTS221_SPI/HTS221_SPI.o
LOAD Drivers/LIS2DH/lis2dh12_reg.o
LOAD Drivers/SHTC3/shtc3.o
LOAD Drivers/STM32F3xx_HAL_Driver/Src/stm32f3xx_hal.o
LOAD Drivers/STM32F3xx_HAL_Driver/Src/stm32f3xx_hal_adc.o
LOAD Drivers/STM32F3xx_HAL_Driver/Src/stm32f3xx_hal_adc_ex.o
LOAD Drivers/STM32F3xx_HAL_Driver/Src/stm32f3xx_hal_can.o
LOAD Drivers/STM32F3xx_HAL_Driver/Src/stm32f3xx_hal_cortex.o
LOAD Drivers/STM32F3xx_HAL_Driver/Src/stm32f3xx_hal_dma.o
LOAD Drivers/STM32F3xx_HAL_Driver/Src/stm32f3xx_hal_exti.o
LOAD Drivers/STM32F3xx_HAL_Driver/Src/stm32f3xx_hal_flash.o
LOAD Drivers/STM32F3xx_HAL_Driver/Src/stm32f3xx_hal_flash_ex.o
LOAD Drivers/STM32F3xx_HAL_Driver/Src/stm32f3xx_hal_gpio.o
LOAD Drivers/STM32F3xx_HAL_Driver/Src/stm32f3xx_hal_i2c.o
LOAD Drivers/STM32F3xx_HAL_Driver/Src/stm32f3xx_hal_i2c_ex.o
LOAD Drivers/STM32F3xx_HAL_Driver/Src/stm32f3xx_hal_pwr.o
LOAD Drivers/STM32F3xx_HAL_Driver/Src/stm32f3xx_hal_pwr_ex.o
LOAD Drivers/STM32F3xx_HAL_Driver/Src/stm32f3xx_hal_rcc.o
LOAD Drivers/STM32F3xx_HAL_Driver/Src/stm32f3xx_hal_rcc_ex.o
LOAD Drivers/STM32F3xx_HAL_Driver/Src/stm32f3xx_hal_rtc.o
LOAD Drivers/STM32F3xx_HAL_Driver/Src/stm32f3xx_hal_rtc_ex.o
LOAD Drivers/STM32F3xx_HAL_Driver/Src/stm32f3xx_hal_spi.o
LOAD Drivers/STM32F3xx_HAL_Driver/Src/stm32f3xx_hal_spi_ex.o
LOAD Drivers/STM32F3xx_HAL_Driver/Src/stm32f3xx_hal_tim.o
LOAD Drivers/STM32F3xx_HAL_Driver/Src/stm32f3xx_hal_tim_ex.o
START GROUP
LOAD c:/st/stm32cubeide_1.4.0/stm32cubeide/plugins/com.st.stm32cube.ide.mcu.externaltools.gnu-tools-for-stm32.7-2018-q2-update.win32_1.4.0.202007081208/tools/bin/../lib/gcc/arm-none-eabi/7.3.1/../../../../arm-none-eabi/lib/thumb/v7e-m/fpv4-sp/hard\libc_nano.a
LOAD c:/st/stm32cubeide_1.4.0/stm32cubeide/plugins/com.st.stm32cube.ide.mcu.externaltools.gnu-tools-for-stm32.7-2018-q2-update.win32_1.4.0.202007081208/tools/bin/../lib/gcc/arm-none-eabi/7.3.1/../../../../arm-none-eabi/lib/thumb/v7e-m/fpv4-sp/hard\libm.a
END GROUP
START GROUP
LOAD c:/st/stm32cubeide_1.4.0/stm32cubeide/plugins/com.st.stm32cube.ide.mcu.externaltools.gnu-tools-for-stm32.7-2018-q2-update.win32_1.4.0.202007081208/tools/bin/../lib/gcc/arm-none-eabi/7.3.1/thumb/v7e-m/fpv4-sp/hard\libgcc.a
LOAD c:/st/stm32cubeide_1.4.0/stm32cubeide/plugins/com.st.stm32cube.ide.mcu.externaltools.gnu-tools-for-stm32.7-2018-q2-update.win32_1.4.0.202007081208/tools/bin/../lib/gcc/arm-none-eabi/7.3.1/../../../../arm-none-eabi/lib/thumb/v7e-m/fpv4-sp/hard\libc_nano.a
END GROUP
START GROUP
LOAD c:/st/stm32cubeide_1.4.0/stm32cubeide/plugins/com.st.stm32cube.ide.mcu.externaltools.gnu-tools-for-stm32.7-2018-q2-update.win32_1.4.0.202007081208/tools/bin/../lib/gcc/arm-none-eabi/7.3.1/thumb/v7e-m/fpv4-sp/hard\libgcc.a
LOAD c:/st/stm32cubeide_1.4.0/stm32cubeide/plugins/com.st.stm32cube.ide.mcu.externaltools.gnu-tools-for-stm32.7-2018-q2-update.win32_1.4.0.202007081208/tools/bin/../lib/gcc/arm-none-eabi/7.3.1/../../../../arm-none-eabi/lib/thumb/v7e-m/fpv4-sp/hard\libc_nano.a
LOAD c:/st/stm32cubeide_1.4.0/stm32cubeide/plugins/com.st.stm32cube.ide.mcu.externaltools.gnu-tools-for-stm32.7-2018-q2-update.win32_1.4.0.202007081208/tools/bin/../lib/gcc/arm-none-eabi/7.3.1/../../../../arm-none-eabi/lib/thumb/v7e-m/fpv4-sp/hard\libnosys.a
END GROUP
START GROUP
LOAD c:/st/stm32cubeide_1.4.0/stm32cubeide/plugins/com.st.stm32cube.ide.mcu.externaltools.gnu-tools-for-stm32.7-2018-q2-update.win32_1.4.0.202007081208/tools/bin/../lib/gcc/arm-none-eabi/7.3.1/thumb/v7e-m/fpv4-sp/hard\libgcc.a
LOAD c:/st/stm32cubeide_1.4.0/stm32cubeide/plugins/com.st.stm32cube.ide.mcu.externaltools.gnu-tools-for-stm32.7-2018-q2-update.win32_1.4.0.202007081208/tools/bin/../lib/gcc/arm-none-eabi/7.3.1/../../../../arm-none-eabi/lib/thumb/v7e-m/fpv4-sp/hard\libc_nano.a
LOAD c:/st/stm32cubeide_1.4.0/stm32cubeide/plugins/com.st.stm32cube.ide.mcu.externaltools.gnu-tools-for-stm32.7-2018-q2-update.win32_1.4.0.202007081208/tools/bin/../lib/gcc/arm-none-eabi/7.3.1/../../../../arm-none-eabi/lib/thumb/v7e-m/fpv4-sp/hard\libnosys.a
END GROUP
LOAD c:/st/stm32cubeide_1.4.0/stm32cubeide/plugins/com.st.stm32cube.ide.mcu.externaltools.gnu-tools-for-stm32.7-2018-q2-update.win32_1.4.0.202007081208/tools/bin/../lib/gcc/arm-none-eabi/7.3.1/thumb/v7e-m/fpv4-sp/hard/crtend.o
LOAD c:/st/stm32cubeide_1.4.0/stm32cubeide/plugins/com.st.stm32cube.ide.mcu.externaltools.gnu-tools-for-stm32.7-2018-q2-update.win32_1.4.0.202007081208/tools/bin/../lib/gcc/arm-none-eabi/7.3.1/thumb/v7e-m/fpv4-sp/hard/crtn.o
                0x0000000020010000                _estack = (ORIGIN (RAM) + LENGTH (RAM))
                0x0000000000000400                _Min_Heap_Size = 0x400
                0x0000000000000500                _Min_Stack_Size = 0x500

.isr_vector     0x0000000008008800      0x194
                0x0000000008008800                . = ALIGN (0x4)
 *(.isr_vector)
 .isr_vector    0x0000000008008800      0x194 Core/Startup/startup_stm32f303retx.o
                0x0000000008008800                g_pfnVectors
                0x0000000008008994                . = ALIGN (0x4)

.text           0x0000000008008998     0x9fcc
                0x0000000008008998                . = ALIGN (0x4)
 *(.text)
 .text          0x0000000008008998       0x40 c:/st/stm32cubeide_1.4.0/stm32cubeide/plugins/com.st.stm32cube.ide.mcu.externaltools.gnu-tools-for-stm32.7-2018-q2-update.win32_1.4.0.202007081208/tools/bin/../lib/gcc/arm-none-eabi/7.3.1/thumb/v7e-m/fpv4-sp/hard/crtbegin.o
 .text          0x00000000080089d8      0x378 c:/st/stm32cubeide_1.4.0/stm32cubeide/plugins/com.st.stm32cube.ide.mcu.externaltools.gnu-tools-for-stm32.7-2018-q2-update.win32_1.4.0.202007081208/tools/bin/../lib/gcc/arm-none-eabi/7.3.1/thumb/v7e-m/fpv4-sp/hard\libgcc.a(_arm_addsubdf3.o)
                0x00000000080089d8                __aeabi_drsub
                0x00000000080089e0                __aeabi_dsub
                0x00000000080089e0                __subdf3
                0x00000000080089e4                __aeabi_dadd
                0x00000000080089e4                __adddf3
                0x0000000008008c5c                __floatunsidf
                0x0000000008008c5c                __aeabi_ui2d
                0x0000000008008c7c                __floatsidf
                0x0000000008008c7c                __aeabi_i2d
                0x0000000008008ca0                __aeabi_f2d
                0x0000000008008ca0                __extendsfdf2
                0x0000000008008ce4                __floatundidf
                0x0000000008008ce4                __aeabi_ul2d
                0x0000000008008cf4                __floatdidf
                0x0000000008008cf4                __aeabi_l2d
 .text          0x0000000008008d50      0x424 c:/st/stm32cubeide_1.4.0/stm32cubeide/plugins/com.st.stm32cube.ide.mcu.externaltools.gnu-tools-for-stm32.7-2018-q2-update.win32_1.4.0.202007081208/tools/bin/../lib/gcc/arm-none-eabi/7.3.1/thumb/v7e-m/fpv4-sp/hard\libgcc.a(_arm_muldivdf3.o)
                0x0000000008008d50                __aeabi_dmul
                0x0000000008008d50                __muldf3
                0x0000000008008fa4                __divdf3
                0x0000000008008fa4                __aeabi_ddiv
 .text          0x0000000008009174       0xa0 c:/st/stm32cubeide_1.4.0/stm32cubeide/plugins/com.st.stm32cube.ide.mcu.externaltools.gnu-tools-for-stm32.7-2018-q2-update.win32_1.4.0.202007081208/tools/bin/../lib/gcc/arm-none-eabi/7.3.1/thumb/v7e-m/fpv4-sp/hard\libgcc.a(_arm_truncdfsf2.o)
                0x0000000008009174                __truncdfsf2
                0x0000000008009174                __aeabi_d2f
 *(.text*)
 .text.send_sensor_value
                0x0000000008009214      0x2f8 Core/Src/ReadSensorValues.o
                0x0000000008009214                send_sensor_value
 .text.user_delay_ms
                0x000000000800950c       0x16 Core/Src/ReadSensorValues.o
                0x000000000800950c                user_delay_ms
 *fill*         0x0000000008009522        0x2 
 .text.get_chip_pin
                0x0000000008009524       0xb0 Core/Src/ReadSensorValues.o
                0x0000000008009524                get_chip_pin
 .text.chip_select
                0x00000000080095d4       0x2c Core/Src/ReadSensorValues.o
                0x00000000080095d4                chip_select
 .text.chip_unselect
                0x0000000008009600       0x2c Core/Src/ReadSensorValues.o
                0x0000000008009600                chip_unselect
 .text.get_force_chip_pin
                0x000000000800962c       0xd8 Core/Src/ReadSensorValues.o
                0x000000000800962c                get_force_chip_pin
 .text.force_sensor_select
                0x0000000008009704       0x2c Core/Src/ReadSensorValues.o
                0x0000000008009704                force_sensor_select
 .text.force_sensor_unselect
                0x0000000008009730       0x2c Core/Src/ReadSensorValues.o
                0x0000000008009730                force_sensor_unselect
 .text.get_temperature_humidity
                0x000000000800975c      0x160 Core/Src/ReadSensorValues.o
                0x000000000800975c                get_temperature_humidity
 .text.HAL_ADC_ConvCpltCallback
                0x00000000080098bc       0x6c Core/Src/ReadSensorValues.o
                0x00000000080098bc                HAL_ADC_ConvCpltCallback
 .text.DataProcessing
                0x0000000008009928      0x200 Core/Src/ReadSensorValues.o
                0x0000000008009928                DataProcessing
 .text.ClearBuffer
                0x0000000008009b28       0x7c Core/Src/ReadSensorValues.o
                0x0000000008009b28                ClearBuffer
 .text.get_force_sensor_value
                0x0000000008009ba4       0xfc Core/Src/ReadSensorValues.o
                0x0000000008009ba4                get_force_sensor_value
 .text.ReadUID  0x0000000008009ca0       0x20 Core/Src/ReadSensorValues.o
                0x0000000008009ca0                ReadUID
 .text.update_sensor_values
                0x0000000008009cc0       0x44 Core/Src/ReadSensorValues.o
                0x0000000008009cc0                update_sensor_values
 .text.update_other_values
                0x0000000008009d04       0x40 Core/Src/ReadSensorValues.o
                0x0000000008009d04                update_other_values
 .text.init_HTS221
                0x0000000008009d44       0xe0 Core/Src/ReadSensorValues.o
                0x0000000008009d44                init_HTS221
 .text.parse_can_header
                0x0000000008009e24       0x46 Core/Src/ReadSensorValues.o
                0x0000000008009e24                parse_can_header
 .text.generate_can_header
                0x0000000008009e6a       0x84 Core/Src/ReadSensorValues.o
                0x0000000008009e6a                generate_can_header
 *fill*         0x0000000008009eee        0x2 
 .text.__NVIC_SystemReset
                0x0000000008009ef0       0x28 Core/Src/main.o
 .text.HAL_CAN_RxFifo0MsgPendingCallback
                0x0000000008009f18       0x3c Core/Src/main.o
                0x0000000008009f18                HAL_CAN_RxFifo0MsgPendingCallback
 .text.main     0x0000000008009f54      0x1f8 Core/Src/main.o
                0x0000000008009f54                main
 .text.SystemClock_Config
                0x000000000800a14c       0xd8 Core/Src/main.o
                0x000000000800a14c                SystemClock_Config
 .text.MX_ADC1_Init
                0x000000000800a224      0x16c Core/Src/main.o
 .text.MX_CAN_Init
                0x000000000800a390       0xbc Core/Src/main.o
 .text.MX_I2C1_Init
                0x000000000800a44c       0x80 Core/Src/main.o
 .text.MX_RTC_Init
                0x000000000800a4cc       0x4c Core/Src/main.o
 .text.MX_SPI1_Init
                0x000000000800a518       0x7c Core/Src/main.o
 .text.MX_SPI2_Init
                0x000000000800a594       0x7c Core/Src/main.o
 .text.MX_SPI3_Init
                0x000000000800a610       0x7c Core/Src/main.o
 .text.MX_DMA_Init
                0x000000000800a68c       0x3c Core/Src/main.o
 .text.MX_GPIO_Init
                0x000000000800a6c8      0x1b8 Core/Src/main.o
 .text.jump_to_bootloader
                0x000000000800a880      0x16c Core/Src/main.o
                0x000000000800a880                jump_to_bootloader
 .text.Reboot   0x000000000800a9ec        0x8 Core/Src/main.o
                0x000000000800a9ec                Reboot
 .text.Error_Handler
                0x000000000800a9f4        0xe Core/Src/main.o
                0x000000000800a9f4                Error_Handler
 *fill*         0x000000000800aa02        0x2 
 .text.HAL_MspInit
                0x000000000800aa04       0x48 Core/Src/stm32f3xx_hal_msp.o
                0x000000000800aa04                HAL_MspInit
 .text.HAL_ADC_MspInit
                0x000000000800aa4c      0x104 Core/Src/stm32f3xx_hal_msp.o
                0x000000000800aa4c                HAL_ADC_MspInit
 .text.HAL_ADC_MspDeInit
                0x000000000800ab50       0x4c Core/Src/stm32f3xx_hal_msp.o
                0x000000000800ab50                HAL_ADC_MspDeInit
 .text.HAL_CAN_MspInit
                0x000000000800ab9c       0x98 Core/Src/stm32f3xx_hal_msp.o
                0x000000000800ab9c                HAL_CAN_MspInit
 .text.HAL_CAN_MspDeInit
                0x000000000800ac34       0x44 Core/Src/stm32f3xx_hal_msp.o
                0x000000000800ac34                HAL_CAN_MspDeInit
 .text.HAL_I2C_MspInit
                0x000000000800ac78       0x88 Core/Src/stm32f3xx_hal_msp.o
                0x000000000800ac78                HAL_I2C_MspInit
 .text.HAL_I2C_MspDeInit
                0x000000000800ad00       0x3c Core/Src/stm32f3xx_hal_msp.o
                0x000000000800ad00                HAL_I2C_MspDeInit
 .text.HAL_RTC_MspInit
                0x000000000800ad3c       0x4c Core/Src/stm32f3xx_hal_msp.o
                0x000000000800ad3c                HAL_RTC_MspInit
 .text.HAL_SPI_MspInit
                0x000000000800ad88      0x150 Core/Src/stm32f3xx_hal_msp.o
                0x000000000800ad88                HAL_SPI_MspInit
 .text.HAL_SPI_MspDeInit
                0x000000000800aed8       0x8c Core/Src/stm32f3xx_hal_msp.o
                0x000000000800aed8                HAL_SPI_MspDeInit
 .text.__NVIC_SystemReset
                0x000000000800af64       0x28 Core/Src/stm32f3xx_it.o
 .text.NMI_Handler
                0x000000000800af8c        0x8 Core/Src/stm32f3xx_it.o
                0x000000000800af8c                NMI_Handler
 .text.HardFault_Handler
                0x000000000800af94        0x8 Core/Src/stm32f3xx_it.o
                0x000000000800af94                HardFault_Handler
 .text.MemManage_Handler
                0x000000000800af9c        0x6 Core/Src/stm32f3xx_it.o
                0x000000000800af9c                MemManage_Handler
 .text.BusFault_Handler
                0x000000000800afa2        0x6 Core/Src/stm32f3xx_it.o
                0x000000000800afa2                BusFault_Handler
 .text.UsageFault_Handler
                0x000000000800afa8        0x6 Core/Src/stm32f3xx_it.o
                0x000000000800afa8                UsageFault_Handler
 .text.SVC_Handler
                0x000000000800afae        0xe Core/Src/stm32f3xx_it.o
                0x000000000800afae                SVC_Handler
 .text.DebugMon_Handler
                0x000000000800afbc        0xe Core/Src/stm32f3xx_it.o
                0x000000000800afbc                DebugMon_Handler
 .text.PendSV_Handler
                0x000000000800afca        0xe Core/Src/stm32f3xx_it.o
                0x000000000800afca                PendSV_Handler
 .text.SysTick_Handler
                0x000000000800afd8        0xc Core/Src/stm32f3xx_it.o
                0x000000000800afd8                SysTick_Handler
 .text.DMA1_Channel1_IRQHandler
                0x000000000800afe4       0x14 Core/Src/stm32f3xx_it.o
                0x000000000800afe4                DMA1_Channel1_IRQHandler
 .text.USB_LP_CAN_RX0_IRQHandler
                0x000000000800aff8       0x14 Core/Src/stm32f3xx_it.o
                0x000000000800aff8                USB_LP_CAN_RX0_IRQHandler
 .text.SystemInit
                0x000000000800b00c       0x2c Core/Src/system_stm32f3xx.o
                0x000000000800b00c                SystemInit
 .text.Reset_Handler
                0x000000000800b038       0x50 Core/Startup/startup_stm32f303retx.o
                0x000000000800b038                Reset_Handler
 .text.Default_Handler
                0x000000000800b088        0x2 Core/Startup/startup_stm32f303retx.o
                0x000000000800b088                RTC_Alarm_IRQHandler
                0x000000000800b088                TIM8_TRG_COM_IRQHandler
                0x000000000800b088                TIM8_CC_IRQHandler
                0x000000000800b088                SPI4_IRQHandler
                0x000000000800b088                TIM1_CC_IRQHandler
                0x000000000800b088                USB_HP_IRQHandler
                0x000000000800b088                PVD_IRQHandler
                0x000000000800b088                TAMP_STAMP_IRQHandler
                0x000000000800b088                EXTI3_IRQHandler
                0x000000000800b088                I2C3_ER_IRQHandler
                0x000000000800b088                USB_HP_CAN_TX_IRQHandler
                0x000000000800b088                EXTI0_IRQHandler
                0x000000000800b088                I2C2_EV_IRQHandler
                0x000000000800b088                FPU_IRQHandler
                0x000000000800b088                TIM1_UP_TIM16_IRQHandler
                0x000000000800b088                ADC1_2_IRQHandler
                0x000000000800b088                SPI1_IRQHandler
                0x000000000800b088                CAN_SCE_IRQHandler
                0x000000000800b088                TIM6_DAC_IRQHandler
                0x000000000800b088                TIM8_UP_IRQHandler
                0x000000000800b088                DMA2_Channel2_IRQHandler
                0x000000000800b088                DMA1_Channel4_IRQHandler
                0x000000000800b088                TIM20_TRG_COM_IRQHandler
                0x000000000800b088                USART3_IRQHandler
                0x000000000800b088                DMA1_Channel7_IRQHandler
                0x000000000800b088                UART5_IRQHandler
                0x000000000800b088                ADC3_IRQHandler
                0x000000000800b088                TIM4_IRQHandler
                0x000000000800b088                CAN_RX1_IRQHandler
                0x000000000800b088                DMA2_Channel1_IRQHandler
                0x000000000800b088                I2C1_EV_IRQHandler
                0x000000000800b088                DMA1_Channel6_IRQHandler
                0x000000000800b088                UART4_IRQHandler
                0x000000000800b088                DMA2_Channel4_IRQHandler
                0x000000000800b088                TIM3_IRQHandler
                0x000000000800b088                RCC_IRQHandler
                0x000000000800b088                TIM20_UP_IRQHandler
                0x000000000800b088                Default_Handler
                0x000000000800b088                USBWakeUp_RMP_IRQHandler
                0x000000000800b088                EXTI15_10_IRQHandler
                0x000000000800b088                TIM7_IRQHandler
                0x000000000800b088                I2C3_EV_IRQHandler
                0x000000000800b088                EXTI9_5_IRQHandler
                0x000000000800b088                RTC_WKUP_IRQHandler
                0x000000000800b088                SPI2_IRQHandler
                0x000000000800b088                DMA2_Channel5_IRQHandler
                0x000000000800b088                DMA1_Channel5_IRQHandler
                0x000000000800b088                USB_LP_IRQHandler
                0x000000000800b088                EXTI4_IRQHandler
                0x000000000800b088                TIM1_TRG_COM_TIM17_IRQHandler
                0x000000000800b088                DMA1_Channel3_IRQHandler
                0x000000000800b088                ADC4_IRQHandler
                0x000000000800b088                WWDG_IRQHandler
                0x000000000800b088                TIM2_IRQHandler
                0x000000000800b088                COMP7_IRQHandler
                0x000000000800b088                COMP1_2_3_IRQHandler
                0x000000000800b088                EXTI1_IRQHandler
                0x000000000800b088                USART2_IRQHandler
                0x000000000800b088                COMP4_5_6_IRQHandler
                0x000000000800b088                TIM20_BRK_IRQHandler
                0x000000000800b088                I2C2_ER_IRQHandler
                0x000000000800b088                DMA1_Channel2_IRQHandler
                0x000000000800b088                TIM8_BRK_IRQHandler
                0x000000000800b088                FLASH_IRQHandler
                0x000000000800b088                TIM20_CC_IRQHandler
                0x000000000800b088                USART1_IRQHandler
                0x000000000800b088                SPI3_IRQHandler
                0x000000000800b088                I2C1_ER_IRQHandler
                0x000000000800b088                FMC_IRQHandler
                0x000000000800b088                USBWakeUp_IRQHandler
                0x000000000800b088                DMA2_Channel3_IRQHandler
                0x000000000800b088                EXTI2_TSC_IRQHandler
                0x000000000800b088                TIM1_BRK_TIM15_IRQHandler
 *fill*         0x000000000800b08a        0x2 
 .text.mcp_init
                0x000000000800b08c       0x88 Drivers/DIGIPOT_MCP4222/MCP_Read_Write.o
                0x000000000800b08c                mcp_init
 .text.set_mcp  0x000000000800b114       0x80 Drivers/DIGIPOT_MCP4222/MCP_Read_Write.o
                0x000000000800b114                set_mcp
 .text.Set_DigipotMCPs
                0x000000000800b194       0x44 Drivers/DIGIPOT_MCP4222/MCP_Read_Write.o
                0x000000000800b194                Set_DigipotMCPs
 .text.hts221_read_reg
                0x000000000800b1d8       0x38 Drivers/HTS221_SPI/HTS221_SPI.o
                0x000000000800b1d8                hts221_read_reg
 .text.hts221_write_reg
                0x000000000800b210       0x38 Drivers/HTS221_SPI/HTS221_SPI.o
                0x000000000800b210                hts221_write_reg
 .text.hts221_data_rate_set
                0x000000000800b248       0x58 Drivers/HTS221_SPI/HTS221_SPI.o
                0x000000000800b248                hts221_data_rate_set
 .text.hts221_block_data_update_set
                0x000000000800b2a0       0x58 Drivers/HTS221_SPI/HTS221_SPI.o
                0x000000000800b2a0                hts221_block_data_update_set
 .text.hts221_humidity_raw_get
                0x000000000800b2f8       0x2a Drivers/HTS221_SPI/HTS221_SPI.o
                0x000000000800b2f8                hts221_humidity_raw_get
 .text.hts221_temperature_raw_get
                0x000000000800b322       0x2a Drivers/HTS221_SPI/HTS221_SPI.o
                0x000000000800b322                hts221_temperature_raw_get
 .text.hts221_device_id_get
                0x000000000800b34c       0x2a Drivers/HTS221_SPI/HTS221_SPI.o
                0x000000000800b34c                hts221_device_id_get
 .text.hts221_power_on_set
                0x000000000800b376       0x58 Drivers/HTS221_SPI/HTS221_SPI.o
                0x000000000800b376                hts221_power_on_set
 .text.hts221_hum_rh_point_0_get
                0x000000000800b3ce       0x36 Drivers/HTS221_SPI/HTS221_SPI.o
                0x000000000800b3ce                hts221_hum_rh_point_0_get
 .text.hts221_hum_rh_point_1_get
                0x000000000800b404       0x36 Drivers/HTS221_SPI/HTS221_SPI.o
                0x000000000800b404                hts221_hum_rh_point_1_get
 .text.hts221_temp_deg_point_0_get
                0x000000000800b43a       0x60 Drivers/HTS221_SPI/HTS221_SPI.o
                0x000000000800b43a                hts221_temp_deg_point_0_get
 .text.hts221_temp_deg_point_1_get
                0x000000000800b49a       0x60 Drivers/HTS221_SPI/HTS221_SPI.o
                0x000000000800b49a                hts221_temp_deg_point_1_get
 .text.hts221_hum_adc_point_0_get
                0x000000000800b4fa       0x2a Drivers/HTS221_SPI/HTS221_SPI.o
                0x000000000800b4fa                hts221_hum_adc_point_0_get
 .text.hts221_hum_adc_point_1_get
                0x000000000800b524       0x2a Drivers/HTS221_SPI/HTS221_SPI.o
                0x000000000800b524                hts221_hum_adc_point_1_get
 .text.hts221_temp_adc_point_0_get
                0x000000000800b54e       0x2a Drivers/HTS221_SPI/HTS221_SPI.o
                0x000000000800b54e                hts221_temp_adc_point_0_get
 .text.hts221_temp_adc_point_1_get
                0x000000000800b578       0x2a Drivers/HTS221_SPI/HTS221_SPI.o
                0x000000000800b578                hts221_temp_adc_point_1_get
 .text.linear_interpolation
                0x000000000800b5a2       0x7a Drivers/HTS221_SPI/HTS221_SPI.o
                0x000000000800b5a2                linear_interpolation
 .text.platform_writeSPI
                0x000000000800b61c       0x56 Drivers/HTS221_SPI/HTS221_SPI.o
                0x000000000800b61c                platform_writeSPI
 .text.platform_readSPI
                0x000000000800b672       0x56 Drivers/HTS221_SPI/HTS221_SPI.o
                0x000000000800b672                platform_readSPI
 .text.hts221_init
                0x000000000800b6c8       0x48 Drivers/HTS221_SPI/HTS221_SPI.o
                0x000000000800b6c8                hts221_init
 .text.hts221_get_temp_humid
                0x000000000800b710      0x234 Drivers/HTS221_SPI/HTS221_SPI.o
                0x000000000800b710                hts221_get_temp_humid
 .text.lis2dh12_read_reg
                0x000000000800b944       0x30 Drivers/LIS2DH/lis2dh12_reg.o
                0x000000000800b944                lis2dh12_read_reg
 .text.lis2dh12_write_reg
                0x000000000800b974       0x30 Drivers/LIS2DH/lis2dh12_reg.o
                0x000000000800b974                lis2dh12_write_reg
 .text.lis2dh12_operating_mode_set
                0x000000000800b9a4       0xaa Drivers/LIS2DH/lis2dh12_reg.o
                0x000000000800b9a4                lis2dh12_operating_mode_set
 .text.lis2dh12_data_rate_set
                0x000000000800ba4e       0x4c Drivers/LIS2DH/lis2dh12_reg.o
                0x000000000800ba4e                lis2dh12_data_rate_set
 .text.lis2dh12_full_scale_set
                0x000000000800ba9a       0x4c Drivers/LIS2DH/lis2dh12_reg.o
                0x000000000800ba9a                lis2dh12_full_scale_set
 .text.lis2dh12_block_data_update_set
                0x000000000800bae6       0x4c Drivers/LIS2DH/lis2dh12_reg.o
                0x000000000800bae6                lis2dh12_block_data_update_set
 .text.platform_write_lis2dh
                0x000000000800bb32       0x3a Drivers/LIS2DH/lis2dh12_reg.o
                0x000000000800bb32                platform_write_lis2dh
 .text.platform_read_lis2dh
                0x000000000800bb6c       0x3a Drivers/LIS2DH/lis2dh12_reg.o
                0x000000000800bb6c                platform_read_lis2dh
 *fill*         0x000000000800bba6        0x2 
 .text.lis2dh12_init
                0x000000000800bba8       0x64 Drivers/LIS2DH/lis2dh12_reg.o
                0x000000000800bba8                lis2dh12_init
 .text.lis2dh12_get_XYZ
                0x000000000800bc0c       0xc4 Drivers/LIS2DH/lis2dh12_reg.o
                0x000000000800bc0c                lis2dh12_get_XYZ
 .text.shtc3_sendcmd
                0x000000000800bcd0       0x3e Drivers/SHTC3/shtc3.o
 .text.shtc3_read2x16
                0x000000000800bd0e       0x2a Drivers/SHTC3/shtc3.o
 .text.shtc3_init
                0x000000000800bd38       0x26 Drivers/SHTC3/shtc3.o
                0x000000000800bd38                shtc3_init
 *fill*         0x000000000800bd5e        0x2 
 .text.shtc3_calculate_temp_c
                0x000000000800bd60       0x68 Drivers/SHTC3/shtc3.o
 .text.shtc3_calculate_humid
                0x000000000800bdc8       0x5c Drivers/SHTC3/shtc3.o
 .text.shtc3_get_temp_humid
                0x000000000800be24       0x6a Drivers/SHTC3/shtc3.o
                0x000000000800be24                shtc3_get_temp_humid
 *fill*         0x000000000800be8e        0x2 
 .text.HAL_Init
                0x000000000800be90       0x2c Drivers/STM32F3xx_HAL_Driver/Src/stm32f3xx_hal.o
                0x000000000800be90                HAL_Init
 .text.HAL_DeInit
                0x000000000800bebc       0x3c Drivers/STM32F3xx_HAL_Driver/Src/stm32f3xx_hal.o
                0x000000000800bebc                HAL_DeInit
 .text.HAL_MspDeInit
                0x000000000800bef8        0xe Drivers/STM32F3xx_HAL_Driver/Src/stm32f3xx_hal.o
                0x000000000800bef8                HAL_MspDeInit
 *fill*         0x000000000800bf06        0x2 
 .text.HAL_InitTick
                0x000000000800bf08       0x60 Drivers/STM32F3xx_HAL_Driver/Src/stm32f3xx_hal.o
                0x000000000800bf08                HAL_InitTick
 .text.HAL_IncTick
                0x000000000800bf68       0x28 Drivers/STM32F3xx_HAL_Driver/Src/stm32f3xx_hal.o
                0x000000000800bf68                HAL_IncTick
 .text.HAL_GetTick
                0x000000000800bf90       0x18 Drivers/STM32F3xx_HAL_Driver/Src/stm32f3xx_hal.o
                0x000000000800bf90                HAL_GetTick
 .text.HAL_Delay
                0x000000000800bfa8       0x44 Drivers/STM32F3xx_HAL_Driver/Src/stm32f3xx_hal.o
                0x000000000800bfa8                HAL_Delay
 .text.HAL_ADC_ConvHalfCpltCallback
                0x000000000800bfec       0x14 Drivers/STM32F3xx_HAL_Driver/Src/stm32f3xx_hal_adc.o
                0x000000000800bfec                HAL_ADC_ConvHalfCpltCallback
 .text.HAL_ADC_ErrorCallback
                0x000000000800c000       0x14 Drivers/STM32F3xx_HAL_Driver/Src/stm32f3xx_hal_adc.o
                0x000000000800c000                HAL_ADC_ErrorCallback
 .text.HAL_ADC_Init
                0x000000000800c014      0x3f4 Drivers/STM32F3xx_HAL_Driver/Src/stm32f3xx_hal_adc_ex.o
                0x000000000800c014                HAL_ADC_Init
 .text.HAL_ADC_DeInit
                0x000000000800c408      0x2fc Drivers/STM32F3xx_HAL_Driver/Src/stm32f3xx_hal_adc_ex.o
                0x000000000800c408                HAL_ADC_DeInit
 .text.HAL_ADC_Start_IT
                0x000000000800c704      0x280 Drivers/STM32F3xx_HAL_Driver/Src/stm32f3xx_hal_adc_ex.o
                0x000000000800c704                HAL_ADC_Start_IT
 .text.HAL_ADC_Stop_IT
                0x000000000800c984       0x7a Drivers/STM32F3xx_HAL_Driver/Src/stm32f3xx_hal_adc_ex.o
                0x000000000800c984                HAL_ADC_Stop_IT
 *fill*         0x000000000800c9fe        0x2 
 .text.HAL_ADC_Start_DMA
                0x000000000800ca00      0x238 Drivers/STM32F3xx_HAL_Driver/Src/stm32f3xx_hal_adc_ex.o
                0x000000000800ca00                HAL_ADC_Start_DMA
 .text.HAL_ADC_Stop_DMA
                0x000000000800cc38       0xb8 Drivers/STM32F3xx_HAL_Driver/Src/stm32f3xx_hal_adc_ex.o
                0x000000000800cc38                HAL_ADC_Stop_DMA
 .text.HAL_ADC_ConfigChannel
                0x000000000800ccf0      0x5d8 Drivers/STM32F3xx_HAL_Driver/Src/stm32f3xx_hal_adc_ex.o
                0x000000000800ccf0                HAL_ADC_ConfigChannel
 .text.HAL_ADCEx_MultiModeConfigChannel
                0x000000000800d2c8      0x1e4 Drivers/STM32F3xx_HAL_Driver/Src/stm32f3xx_hal_adc_ex.o
                0x000000000800d2c8                HAL_ADCEx_MultiModeConfigChannel
 .text.ADC_DMAConvCplt
                0x000000000800d4ac       0x7a Drivers/STM32F3xx_HAL_Driver/Src/stm32f3xx_hal_adc_ex.o
 .text.ADC_DMAHalfConvCplt
                0x000000000800d526       0x1c Drivers/STM32F3xx_HAL_Driver/Src/stm32f3xx_hal_adc_ex.o
 .text.ADC_DMAError
                0x000000000800d542       0x34 Drivers/STM32F3xx_HAL_Driver/Src/stm32f3xx_hal_adc_ex.o
 *fill*         0x000000000800d576        0x2 
 .text.ADC_Enable
                0x000000000800d578       0xbc Drivers/STM32F3xx_HAL_Driver/Src/stm32f3xx_hal_adc_ex.o
 .text.ADC_Disable
                0x000000000800d634       0xbe Drivers/STM32F3xx_HAL_Driver/Src/stm32f3xx_hal_adc_ex.o
 *fill*         0x000000000800d6f2        0x2 
 .text.ADC_ConversionStop
                0x000000000800d6f4      0x15c Drivers/STM32F3xx_HAL_Driver/Src/stm32f3xx_hal_adc_ex.o
 .text.HAL_CAN_Init
                0x000000000800d850      0x1f6 Drivers/STM32F3xx_HAL_Driver/Src/stm32f3xx_hal_can.o
                0x000000000800d850                HAL_CAN_Init
 .text.HAL_CAN_DeInit
                0x000000000800da46       0x46 Drivers/STM32F3xx_HAL_Driver/Src/stm32f3xx_hal_can.o
                0x000000000800da46                HAL_CAN_DeInit
 .text.HAL_CAN_ConfigFilter
                0x000000000800da8c      0x194 Drivers/STM32F3xx_HAL_Driver/Src/stm32f3xx_hal_can.o
                0x000000000800da8c                HAL_CAN_ConfigFilter
 .text.HAL_CAN_Start
                0x000000000800dc20       0x88 Drivers/STM32F3xx_HAL_Driver/Src/stm32f3xx_hal_can.o
                0x000000000800dc20                HAL_CAN_Start
 .text.HAL_CAN_Stop
                0x000000000800dca8       0x92 Drivers/STM32F3xx_HAL_Driver/Src/stm32f3xx_hal_can.o
                0x000000000800dca8                HAL_CAN_Stop
 .text.HAL_CAN_AddTxMessage
                0x000000000800dd3a      0x1b6 Drivers/STM32F3xx_HAL_Driver/Src/stm32f3xx_hal_can.o
                0x000000000800dd3a                HAL_CAN_AddTxMessage
 .text.HAL_CAN_GetTxMailboxesFreeLevel
                0x000000000800def0       0x6a Drivers/STM32F3xx_HAL_Driver/Src/stm32f3xx_hal_can.o
                0x000000000800def0                HAL_CAN_GetTxMailboxesFreeLevel
 .text.HAL_CAN_GetRxMessage
                0x000000000800df5a      0x224 Drivers/STM32F3xx_HAL_Driver/Src/stm32f3xx_hal_can.o
                0x000000000800df5a                HAL_CAN_GetRxMessage
 .text.HAL_CAN_ActivateNotification
                0x000000000800e17e       0x4c Drivers/STM32F3xx_HAL_Driver/Src/stm32f3xx_hal_can.o
                0x000000000800e17e                HAL_CAN_ActivateNotification
 .text.HAL_CAN_IRQHandler
                0x000000000800e1ca      0x362 Drivers/STM32F3xx_HAL_Driver/Src/stm32f3xx_hal_can.o
                0x000000000800e1ca                HAL_CAN_IRQHandler
 .text.HAL_CAN_TxMailbox0CompleteCallback
                0x000000000800e52c       0x14 Drivers/STM32F3xx_HAL_Driver/Src/stm32f3xx_hal_can.o
                0x000000000800e52c                HAL_CAN_TxMailbox0CompleteCallback
 .text.HAL_CAN_TxMailbox1CompleteCallback
                0x000000000800e540       0x14 Drivers/STM32F3xx_HAL_Driver/Src/stm32f3xx_hal_can.o
                0x000000000800e540                HAL_CAN_TxMailbox1CompleteCallback
 .text.HAL_CAN_TxMailbox2CompleteCallback
                0x000000000800e554       0x14 Drivers/STM32F3xx_HAL_Driver/Src/stm32f3xx_hal_can.o
                0x000000000800e554                HAL_CAN_TxMailbox2CompleteCallback
 .text.HAL_CAN_TxMailbox0AbortCallback
                0x000000000800e568       0x14 Drivers/STM32F3xx_HAL_Driver/Src/stm32f3xx_hal_can.o
                0x000000000800e568                HAL_CAN_TxMailbox0AbortCallback
 .text.HAL_CAN_TxMailbox1AbortCallback
                0x000000000800e57c       0x14 Drivers/STM32F3xx_HAL_Driver/Src/stm32f3xx_hal_can.o
                0x000000000800e57c                HAL_CAN_TxMailbox1AbortCallback
 .text.HAL_CAN_TxMailbox2AbortCallback
                0x000000000800e590       0x14 Drivers/STM32F3xx_HAL_Driver/Src/stm32f3xx_hal_can.o
                0x000000000800e590                HAL_CAN_TxMailbox2AbortCallback
 .text.HAL_CAN_RxFifo0FullCallback
                0x000000000800e5a4       0x14 Drivers/STM32F3xx_HAL_Driver/Src/stm32f3xx_hal_can.o
                0x000000000800e5a4                HAL_CAN_RxFifo0FullCallback
 .text.HAL_CAN_RxFifo1MsgPendingCallback
                0x000000000800e5b8       0x14 Drivers/STM32F3xx_HAL_Driver/Src/stm32f3xx_hal_can.o
                0x000000000800e5b8                HAL_CAN_RxFifo1MsgPendingCallback
 .text.HAL_CAN_RxFifo1FullCallback
                0x000000000800e5cc       0x14 Drivers/STM32F3xx_HAL_Driver/Src/stm32f3xx_hal_can.o
                0x000000000800e5cc                HAL_CAN_RxFifo1FullCallback
 .text.HAL_CAN_SleepCallback
                0x000000000800e5e0       0x14 Drivers/STM32F3xx_HAL_Driver/Src/stm32f3xx_hal_can.o
                0x000000000800e5e0                HAL_CAN_SleepCallback
 .text.HAL_CAN_WakeUpFromRxMsgCallback
                0x000000000800e5f4       0x14 Drivers/STM32F3xx_HAL_Driver/Src/stm32f3xx_hal_can.o
                0x000000000800e5f4                HAL_CAN_WakeUpFromRxMsgCallback
 .text.HAL_CAN_ErrorCallback
                0x000000000800e608       0x14 Drivers/STM32F3xx_HAL_Driver/Src/stm32f3xx_hal_can.o
                0x000000000800e608                HAL_CAN_ErrorCallback
 .text.__NVIC_SetPriorityGrouping
                0x000000000800e61c       0x48 Drivers/STM32F3xx_HAL_Driver/Src/stm32f3xx_hal_cortex.o
 .text.__NVIC_GetPriorityGrouping
                0x000000000800e664       0x1c Drivers/STM32F3xx_HAL_Driver/Src/stm32f3xx_hal_cortex.o
 .text.__NVIC_EnableIRQ
                0x000000000800e680       0x3c Drivers/STM32F3xx_HAL_Driver/Src/stm32f3xx_hal_cortex.o
 .text.__NVIC_DisableIRQ
                0x000000000800e6bc       0x44 Drivers/STM32F3xx_HAL_Driver/Src/stm32f3xx_hal_cortex.o
 .text.__NVIC_SetPriority
                0x000000000800e700       0x54 Drivers/STM32F3xx_HAL_Driver/Src/stm32f3xx_hal_cortex.o
 .text.NVIC_EncodePriority
                0x000000000800e754       0x66 Drivers/STM32F3xx_HAL_Driver/Src/stm32f3xx_hal_cortex.o
 *fill*         0x000000000800e7ba        0x2 
 .text.SysTick_Config
                0x000000000800e7bc       0x44 Drivers/STM32F3xx_HAL_Driver/Src/stm32f3xx_hal_cortex.o
 .text.HAL_NVIC_SetPriorityGrouping
                0x000000000800e800       0x16 Drivers/STM32F3xx_HAL_Driver/Src/stm32f3xx_hal_cortex.o
                0x000000000800e800                HAL_NVIC_SetPriorityGrouping
 .text.HAL_NVIC_SetPriority
                0x000000000800e816       0x38 Drivers/STM32F3xx_HAL_Driver/Src/stm32f3xx_hal_cortex.o
                0x000000000800e816                HAL_NVIC_SetPriority
 .text.HAL_NVIC_EnableIRQ
                0x000000000800e84e       0x1c Drivers/STM32F3xx_HAL_Driver/Src/stm32f3xx_hal_cortex.o
                0x000000000800e84e                HAL_NVIC_EnableIRQ
 .text.HAL_NVIC_DisableIRQ
                0x000000000800e86a       0x1c Drivers/STM32F3xx_HAL_Driver/Src/stm32f3xx_hal_cortex.o
                0x000000000800e86a                HAL_NVIC_DisableIRQ
 .text.HAL_SYSTICK_Config
                0x000000000800e886       0x18 Drivers/STM32F3xx_HAL_Driver/Src/stm32f3xx_hal_cortex.o
                0x000000000800e886                HAL_SYSTICK_Config
 .text.HAL_DMA_Init
                0x000000000800e89e       0x8e Drivers/STM32F3xx_HAL_Driver/Src/stm32f3xx_hal_dma.o
                0x000000000800e89e                HAL_DMA_Init
 .text.HAL_DMA_DeInit
                0x000000000800e92c       0x90 Drivers/STM32F3xx_HAL_Driver/Src/stm32f3xx_hal_dma.o
                0x000000000800e92c                HAL_DMA_DeInit
 .text.HAL_DMA_Start_IT
                0x000000000800e9bc       0xbe Drivers/STM32F3xx_HAL_Driver/Src/stm32f3xx_hal_dma.o
                0x000000000800e9bc                HAL_DMA_Start_IT
 .text.HAL_DMA_Abort
                0x000000000800ea7a       0x72 Drivers/STM32F3xx_HAL_Driver/Src/stm32f3xx_hal_dma.o
                0x000000000800ea7a                HAL_DMA_Abort
 .text.HAL_DMA_IRQHandler
                0x000000000800eaec      0x146 Drivers/STM32F3xx_HAL_Driver/Src/stm32f3xx_hal_dma.o
                0x000000000800eaec                HAL_DMA_IRQHandler
 .text.DMA_SetConfig
                0x000000000800ec32       0x5c Drivers/STM32F3xx_HAL_Driver/Src/stm32f3xx_hal_dma.o
 *fill*         0x000000000800ec8e        0x2 
 .text.DMA_CalcBaseAndBitshift
                0x000000000800ec90       0x78 Drivers/STM32F3xx_HAL_Driver/Src/stm32f3xx_hal_dma.o
 .text.HAL_GPIO_Init
                0x000000000800ed08      0x314 Drivers/STM32F3xx_HAL_Driver/Src/stm32f3xx_hal_gpio.o
                0x000000000800ed08                HAL_GPIO_Init
 .text.HAL_GPIO_DeInit
                0x000000000800f01c      0x1d4 Drivers/STM32F3xx_HAL_Driver/Src/stm32f3xx_hal_gpio.o
                0x000000000800f01c                HAL_GPIO_DeInit
 .text.HAL_GPIO_WritePin
                0x000000000800f1f0       0x30 Drivers/STM32F3xx_HAL_Driver/Src/stm32f3xx_hal_gpio.o
                0x000000000800f1f0                HAL_GPIO_WritePin
 .text.HAL_I2C_Init
                0x000000000800f220      0x11e Drivers/STM32F3xx_HAL_Driver/Src/stm32f3xx_hal_i2c.o
                0x000000000800f220                HAL_I2C_Init
 .text.HAL_I2C_DeInit
                0x000000000800f33e       0x5e Drivers/STM32F3xx_HAL_Driver/Src/stm32f3xx_hal_i2c.o
                0x000000000800f33e                HAL_I2C_DeInit
 .text.HAL_I2C_Master_Transmit
                0x000000000800f39c      0x1e8 Drivers/STM32F3xx_HAL_Driver/Src/stm32f3xx_hal_i2c.o
                0x000000000800f39c                HAL_I2C_Master_Transmit
 .text.HAL_I2C_Master_Receive
                0x000000000800f584      0x1ec Drivers/STM32F3xx_HAL_Driver/Src/stm32f3xx_hal_i2c.o
                0x000000000800f584                HAL_I2C_Master_Receive
 .text.HAL_I2C_Mem_Write
                0x000000000800f770      0x228 Drivers/STM32F3xx_HAL_Driver/Src/stm32f3xx_hal_i2c.o
                0x000000000800f770                HAL_I2C_Mem_Write
 .text.HAL_I2C_Mem_Read
                0x000000000800f998      0x234 Drivers/STM32F3xx_HAL_Driver/Src/stm32f3xx_hal_i2c.o
                0x000000000800f998                HAL_I2C_Mem_Read
 .text.I2C_RequestMemoryWrite
                0x000000000800fbcc       0xa8 Drivers/STM32F3xx_HAL_Driver/Src/stm32f3xx_hal_i2c.o
 .text.I2C_RequestMemoryRead
                0x000000000800fc74       0xa8 Drivers/STM32F3xx_HAL_Driver/Src/stm32f3xx_hal_i2c.o
 .text.I2C_Flush_TXDR
                0x000000000800fd1c       0x48 Drivers/STM32F3xx_HAL_Driver/Src/stm32f3xx_hal_i2c.o
 .text.I2C_WaitOnFlagUntilTimeout
                0x000000000800fd64       0x80 Drivers/STM32F3xx_HAL_Driver/Src/stm32f3xx_hal_i2c.o
 .text.I2C_WaitOnTXISFlagUntilTimeout
                0x000000000800fde4       0x80 Drivers/STM32F3xx_HAL_Driver/Src/stm32f3xx_hal_i2c.o
 .text.I2C_WaitOnSTOPFlagUntilTimeout
                0x000000000800fe64       0x78 Drivers/STM32F3xx_HAL_Driver/Src/stm32f3xx_hal_i2c.o
 .text.I2C_WaitOnRXNEFlagUntilTimeout
                0x000000000800fedc       0xd8 Drivers/STM32F3xx_HAL_Driver/Src/stm32f3xx_hal_i2c.o
 .text.I2C_IsAcknowledgeFailed
                0x000000000800ffb4       0xcc Drivers/STM32F3xx_HAL_Driver/Src/stm32f3xx_hal_i2c.o
 .text.I2C_TransferConfig
                0x0000000008010080       0x5c Drivers/STM32F3xx_HAL_Driver/Src/stm32f3xx_hal_i2c.o
 .text.HAL_I2CEx_ConfigAnalogFilter
                0x00000000080100dc       0x96 Drivers/STM32F3xx_HAL_Driver/Src/stm32f3xx_hal_i2c_ex.o
                0x00000000080100dc                HAL_I2CEx_ConfigAnalogFilter
 .text.HAL_I2CEx_ConfigDigitalFilter
                0x0000000008010172       0x98 Drivers/STM32F3xx_HAL_Driver/Src/stm32f3xx_hal_i2c_ex.o
                0x0000000008010172                HAL_I2CEx_ConfigDigitalFilter
 *fill*         0x000000000801020a        0x2 
 .text.HAL_RCC_DeInit
                0x000000000801020c      0x148 Drivers/STM32F3xx_HAL_Driver/Src/stm32f3xx_hal_rcc.o
                0x000000000801020c                HAL_RCC_DeInit
 .text.HAL_RCC_OscConfig
                0x0000000008010354      0xe2c Drivers/STM32F3xx_HAL_Driver/Src/stm32f3xx_hal_rcc.o
                0x0000000008010354                HAL_RCC_OscConfig
 .text.HAL_RCC_ClockConfig
                0x0000000008011180      0x2f8 Drivers/STM32F3xx_HAL_Driver/Src/stm32f3xx_hal_rcc.o
                0x0000000008011180                HAL_RCC_ClockConfig
 .text.HAL_RCC_GetSysClockFreq
                0x0000000008011478       0xd4 Drivers/STM32F3xx_HAL_Driver/Src/stm32f3xx_hal_rcc.o
                0x0000000008011478                HAL_RCC_GetSysClockFreq
 .text.HAL_RCCEx_PeriphCLKConfig
                0x000000000801154c      0x43c Drivers/STM32F3xx_HAL_Driver/Src/stm32f3xx_hal_rcc_ex.o
                0x000000000801154c                HAL_RCCEx_PeriphCLKConfig
 .text.HAL_RTC_Init
                0x0000000008011988      0x122 Drivers/STM32F3xx_HAL_Driver/Src/stm32f3xx_hal_rtc.o
                0x0000000008011988                HAL_RTC_Init
 .text.HAL_RTC_WaitForSynchro
                0x0000000008011aaa       0x50 Drivers/STM32F3xx_HAL_Driver/Src/stm32f3xx_hal_rtc.o
                0x0000000008011aaa                HAL_RTC_WaitForSynchro
 .text.RTC_EnterInitMode
                0x0000000008011afa       0x58 Drivers/STM32F3xx_HAL_Driver/Src/stm32f3xx_hal_rtc.o
                0x0000000008011afa                RTC_EnterInitMode
 .text.HAL_SPI_Init
                0x0000000008011b52      0x124 Drivers/STM32F3xx_HAL_Driver/Src/stm32f3xx_hal_spi.o
                0x0000000008011b52                HAL_SPI_Init
 .text.HAL_SPI_DeInit
                0x0000000008011c76       0x50 Drivers/STM32F3xx_HAL_Driver/Src/stm32f3xx_hal_spi.o
                0x0000000008011c76                HAL_SPI_DeInit
 .text.HAL_SPI_Transmit
                0x0000000008011cc6      0x2cc Drivers/STM32F3xx_HAL_Driver/Src/stm32f3xx_hal_spi.o
                0x0000000008011cc6                HAL_SPI_Transmit
 .text.HAL_SPI_Receive
                0x0000000008011f92      0x250 Drivers/STM32F3xx_HAL_Driver/Src/stm32f3xx_hal_spi.o
                0x0000000008011f92                HAL_SPI_Receive
 .text.HAL_SPI_TransmitReceive
                0x00000000080121e2      0x426 Drivers/STM32F3xx_HAL_Driver/Src/stm32f3xx_hal_spi.o
                0x00000000080121e2                HAL_SPI_TransmitReceive
 .text.SPI_WaitFlagStateUntilTimeout
                0x0000000008012608       0xd4 Drivers/STM32F3xx_HAL_Driver/Src/stm32f3xx_hal_spi.o
 .text.SPI_WaitFifoStateUntilTimeout
                0x00000000080126dc       0xda Drivers/STM32F3xx_HAL_Driver/Src/stm32f3xx_hal_spi.o
 .text.SPI_EndRxTransaction
                0x00000000080127b6       0xb0 Drivers/STM32F3xx_HAL_Driver/Src/stm32f3xx_hal_spi.o
 .text.SPI_EndRxTxTransaction
                0x0000000008012866       0x8c Drivers/STM32F3xx_HAL_Driver/Src/stm32f3xx_hal_spi.o
 *fill*         0x00000000080128f2        0x2 
 .text.__libc_init_array
                0x00000000080128f4       0x48 c:/st/stm32cubeide_1.4.0/stm32cubeide/plugins/com.st.stm32cube.ide.mcu.externaltools.gnu-tools-for-stm32.7-2018-q2-update.win32_1.4.0.202007081208/tools/bin/../lib/gcc/arm-none-eabi/7.3.1/../../../../arm-none-eabi/lib/thumb/v7e-m/fpv4-sp/hard\libc_nano.a(lib_a-init.o)
                0x00000000080128f4                __libc_init_array
 .text.memset   0x000000000801293c       0x10 c:/st/stm32cubeide_1.4.0/stm32cubeide/plugins/com.st.stm32cube.ide.mcu.externaltools.gnu-tools-for-stm32.7-2018-q2-update.win32_1.4.0.202007081208/tools/bin/../lib/gcc/arm-none-eabi/7.3.1/../../../../arm-none-eabi/lib/thumb/v7e-m/fpv4-sp/hard\libc_nano.a(lib_a-memset.o)
                0x000000000801293c                memset
 *(.glue_7)
 .glue_7        0x000000000801294c        0x0 linker stubs
 *(.glue_7t)
 .glue_7t       0x000000000801294c        0x0 linker stubs
 *(.eh_frame)
 .eh_frame      0x000000000801294c        0x0 c:/st/stm32cubeide_1.4.0/stm32cubeide/plugins/com.st.stm32cube.ide.mcu.externaltools.gnu-tools-for-stm32.7-2018-q2-update.win32_1.4.0.202007081208/tools/bin/../lib/gcc/arm-none-eabi/7.3.1/thumb/v7e-m/fpv4-sp/hard/crtbegin.o
 *(.init)
 .init          0x000000000801294c        0x4 c:/st/stm32cubeide_1.4.0/stm32cubeide/plugins/com.st.stm32cube.ide.mcu.externaltools.gnu-tools-for-stm32.7-2018-q2-update.win32_1.4.0.202007081208/tools/bin/../lib/gcc/arm-none-eabi/7.3.1/thumb/v7e-m/fpv4-sp/hard/crti.o
                0x000000000801294c                _init
 .init          0x0000000008012950        0x8 c:/st/stm32cubeide_1.4.0/stm32cubeide/plugins/com.st.stm32cube.ide.mcu.externaltools.gnu-tools-for-stm32.7-2018-q2-update.win32_1.4.0.202007081208/tools/bin/../lib/gcc/arm-none-eabi/7.3.1/thumb/v7e-m/fpv4-sp/hard/crtn.o
 *(.fini)
 .fini          0x0000000008012958        0x4 c:/st/stm32cubeide_1.4.0/stm32cubeide/plugins/com.st.stm32cube.ide.mcu.externaltools.gnu-tools-for-stm32.7-2018-q2-update.win32_1.4.0.202007081208/tools/bin/../lib/gcc/arm-none-eabi/7.3.1/thumb/v7e-m/fpv4-sp/hard/crti.o
                0x0000000008012958                _fini
 .fini          0x000000000801295c        0x8 c:/st/stm32cubeide_1.4.0/stm32cubeide/plugins/com.st.stm32cube.ide.mcu.externaltools.gnu-tools-for-stm32.7-2018-q2-update.win32_1.4.0.202007081208/tools/bin/../lib/gcc/arm-none-eabi/7.3.1/thumb/v7e-m/fpv4-sp/hard/crtn.o
                0x0000000008012964                . = ALIGN (0x4)
                0x0000000008012964                _etext = .

.vfp11_veneer   0x0000000008012964        0x0
 .vfp11_veneer  0x0000000008012964        0x0 linker stubs

.v4_bx          0x0000000008012964        0x0
 .v4_bx         0x0000000008012964        0x0 linker stubs

.iplt           0x0000000008012964        0x0
 .iplt          0x0000000008012964        0x0 c:/st/stm32cubeide_1.4.0/stm32cubeide/plugins/com.st.stm32cube.ide.mcu.externaltools.gnu-tools-for-stm32.7-2018-q2-update.win32_1.4.0.202007081208/tools/bin/../lib/gcc/arm-none-eabi/7.3.1/thumb/v7e-m/fpv4-sp/hard/crtbegin.o

.rodata         0x0000000008012964       0x40
                0x0000000008012964                . = ALIGN (0x4)
 *(.rodata)
 .rodata        0x0000000008012964        0x6 Core/Src/main.o
 *fill*         0x000000000801296a        0x2 
 .rodata        0x000000000801296c        0x6 Drivers/LIS2DH/lis2dh12_reg.o
 *(.rodata*)
 *fill*         0x0000000008012972        0x2 
 .rodata.AHBPrescTable
                0x0000000008012974       0x10 Core/Src/system_stm32f3xx.o
                0x0000000008012974                AHBPrescTable
 .rodata.aPLLMULFactorTable
                0x0000000008012984       0x10 Drivers/STM32F3xx_HAL_Driver/Src/stm32f3xx_hal_rcc.o
                0x0000000008012984                aPLLMULFactorTable
 .rodata.aPredivFactorTable
                0x0000000008012994       0x10 Drivers/STM32F3xx_HAL_Driver/Src/stm32f3xx_hal_rcc.o
                0x0000000008012994                aPredivFactorTable
                0x00000000080129a4                . = ALIGN (0x4)

.rel.dyn        0x00000000080129a4        0x0
 .rel.iplt      0x00000000080129a4        0x0 c:/st/stm32cubeide_1.4.0/stm32cubeide/plugins/com.st.stm32cube.ide.mcu.externaltools.gnu-tools-for-stm32.7-2018-q2-update.win32_1.4.0.202007081208/tools/bin/../lib/gcc/arm-none-eabi/7.3.1/thumb/v7e-m/fpv4-sp/hard/crtbegin.o

.ARM.extab      0x00000000080129a4        0x0
                0x00000000080129a4                . = ALIGN (0x4)
 *(.ARM.extab* .gnu.linkonce.armextab.*)
                0x00000000080129a4                . = ALIGN (0x4)

.ARM            0x00000000080129a4        0x0
                0x00000000080129a4                . = ALIGN (0x4)
                0x00000000080129a4                __exidx_start = .
 *(.ARM.exidx*)
                0x00000000080129a4                __exidx_end = .
                0x00000000080129a4                . = ALIGN (0x4)

.preinit_array  0x00000000080129a4        0x0
                0x00000000080129a4                . = ALIGN (0x4)
                0x00000000080129a4                PROVIDE (__preinit_array_start = .)
 *(.preinit_array*)
                0x00000000080129a4                PROVIDE (__preinit_array_end = .)
                0x00000000080129a4                . = ALIGN (0x4)

.init_array     0x00000000080129a4        0x4
                0x00000000080129a4                . = ALIGN (0x4)
                0x00000000080129a4                PROVIDE (__init_array_start = .)
 *(SORT_BY_NAME(.init_array.*))
 *(.init_array*)
 .init_array    0x00000000080129a4        0x4 c:/st/stm32cubeide_1.4.0/stm32cubeide/plugins/com.st.stm32cube.ide.mcu.externaltools.gnu-tools-for-stm32.7-2018-q2-update.win32_1.4.0.202007081208/tools/bin/../lib/gcc/arm-none-eabi/7.3.1/thumb/v7e-m/fpv4-sp/hard/crtbegin.o
                0x00000000080129a8                PROVIDE (__init_array_end = .)
                0x00000000080129a8                . = ALIGN (0x4)

.fini_array     0x00000000080129a8        0x4
                0x00000000080129a8                . = ALIGN (0x4)
                [!provide]                        PROVIDE (__fini_array_start = .)
 *(SORT_BY_NAME(.fini_array.*))
 *(.fini_array*)
 .fini_array    0x00000000080129a8        0x4 c:/st/stm32cubeide_1.4.0/stm32cubeide/plugins/com.st.stm32cube.ide.mcu.externaltools.gnu-tools-for-stm32.7-2018-q2-update.win32_1.4.0.202007081208/tools/bin/../lib/gcc/arm-none-eabi/7.3.1/thumb/v7e-m/fpv4-sp/hard/crtbegin.o
                [!provide]                        PROVIDE (__fini_array_end = .)
                0x00000000080129ac                . = ALIGN (0x4)
                0x00000000080129ac                _sidata = LOADADDR (.data)

.data           0x0000000020000000        0xc load address 0x00000000080129ac
                0x0000000020000000                . = ALIGN (0x4)
                0x0000000020000000                _sdata = .
 *(.data)
 *(.data*)
 .data.SystemCoreClock
                0x0000000020000000        0x4 Core/Src/system_stm32f3xx.o
                0x0000000020000000                SystemCoreClock
 .data.uwTickPrio
                0x0000000020000004        0x4 Drivers/STM32F3xx_HAL_Driver/Src/stm32f3xx_hal.o
                0x0000000020000004                uwTickPrio
 .data.uwTickFreq
                0x0000000020000008        0x1 Drivers/STM32F3xx_HAL_Driver/Src/stm32f3xx_hal.o
                0x0000000020000008                uwTickFreq
                0x000000002000000c                . = ALIGN (0x4)
 *fill*         0x0000000020000009        0x3 
                0x000000002000000c                _edata = .

.igot.plt       0x000000002000000c        0x0 load address 0x00000000080129b8
 .igot.plt      0x000000002000000c        0x0 c:/st/stm32cubeide_1.4.0/stm32cubeide/plugins/com.st.stm32cube.ide.mcu.externaltools.gnu-tools-for-stm32.7-2018-q2-update.win32_1.4.0.202007081208/tools/bin/../lib/gcc/arm-none-eabi/7.3.1/thumb/v7e-m/fpv4-sp/hard/crtbegin.o
                0x000000002000000c                . = ALIGN (0x4)

.bss            0x000000002000000c      0x66c load address 0x00000000080129b8
                0x000000002000000c                _sbss = .
                0x000000002000000c                __bss_start__ = _sbss
 *(.bss)
 .bss           0x000000002000000c       0x1c c:/st/stm32cubeide_1.4.0/stm32cubeide/plugins/com.st.stm32cube.ide.mcu.externaltools.gnu-tools-for-stm32.7-2018-q2-update.win32_1.4.0.202007081208/tools/bin/../lib/gcc/arm-none-eabi/7.3.1/thumb/v7e-m/fpv4-sp/hard/crtbegin.o
 *(.bss*)
 .bss.SampleCount
                0x0000000020000028        0x2 Core/Src/ReadSensorValues.o
                0x0000000020000028                SampleCount
 .bss.CANMsgReceived
                0x000000002000002a        0x1 Core/Src/main.o
                0x000000002000002a                CANMsgReceived
 *(COMMON)
 *fill*         0x000000002000002b        0x1 
 COMMON         0x000000002000002c      0x3c6 Core/Src/ReadSensorValues.o
                0x000000002000002c                chip_id
                0x000000002000003c                force_values
                0x000000002000012c                hts221_ctx2
                0x0000000020000138                dev_ctx
                0x0000000020000144                Acce_Y
                0x0000000020000148                AverageValue
                0x0000000020000160                humidity_values
                0x000000002000019c                CANDeviceID
                0x00000000200001a0                ref_temp
                0x00000000200001a4                ref_hum
                0x00000000200001a8                FreeMailBox
                0x00000000200001ac                dev_ctxc3
                0x00000000200001b8                hts221_ctx3
                0x00000000200001c4                TxData
                0x00000000200001cc                DeviceUID
                0x00000000200001d0                ADCRowval
                0x0000000020000290                temperature_values
                0x00000000200002cc                RxData
                0x00000000200002d4                Acce_Z
                0x00000000200002d8                TxHeader
                0x00000000200002f0                RxHeader
                0x000000002000030c                ADCval
                0x00000000200003cc                ADC_BUF
                0x00000000200003e4                hts221_ctx1
                0x00000000200003f0                Acce_X
 *fill*         0x00000000200003f2        0x2 
 COMMON         0x00000000200003f4      0x254 Core/Src/main.o
                0x00000000200003f4                hspi2
                0x0000000020000458                hi2c1
                0x00000000200004a4                hcan
                0x00000000200004cc                hspi3
                0x0000000020000530                hadc1
                0x0000000020000580                hdma_adc1
                0x00000000200005c4                hrtc
                0x00000000200005e4                hspi1
 COMMON         0x0000000020000648       0x2a Drivers/DIGIPOT_MCP4222/MCP_Read_Write.o
                0x0000000020000648                VMAdd
                0x0000000020000650                RNVdata
                0x0000000020000658                RVdata
                0x0000000020000660                I2CAddress
                0x000000002000066c                NVMAdd
 *fill*         0x0000000020000672        0x2 
 COMMON         0x0000000020000674        0x4 Drivers/STM32F3xx_HAL_Driver/Src/stm32f3xx_hal.o
                0x0000000020000674                uwTick
                0x0000000020000678                . = ALIGN (0x4)
                0x0000000020000678                _ebss = .
                0x0000000020000678                __bss_end__ = _ebss

._user_heap_stack
                0x0000000020000678      0x900 load address 0x00000000080129b8
                0x0000000020000678                . = ALIGN (0x8)
                0x0000000020000678                PROVIDE (end = .)
                [!provide]                        PROVIDE (_end = .)
                0x0000000020000a78                . = (. + _Min_Heap_Size)
 *fill*         0x0000000020000678      0x400 
                0x0000000020000f78                . = (. + _Min_Stack_Size)
 *fill*         0x0000000020000a78      0x500 
                0x0000000020000f78                . = ALIGN (0x8)

/DISCARD/
 libc.a(*)
 libm.a(*)
 libgcc.a(*)

.ARM.attributes
                0x0000000000000000       0x30
 *(.ARM.attributes)
 .ARM.attributes
                0x0000000000000000       0x22 c:/st/stm32cubeide_1.4.0/stm32cubeide/plugins/com.st.stm32cube.ide.mcu.externaltools.gnu-tools-for-stm32.7-2018-q2-update.win32_1.4.0.202007081208/tools/bin/../lib/gcc/arm-none-eabi/7.3.1/thumb/v7e-m/fpv4-sp/hard/crti.o
 .ARM.attributes
                0x0000000000000022       0x34 c:/st/stm32cubeide_1.4.0/stm32cubeide/plugins/com.st.stm32cube.ide.mcu.externaltools.gnu-tools-for-stm32.7-2018-q2-update.win32_1.4.0.202007081208/tools/bin/../lib/gcc/arm-none-eabi/7.3.1/thumb/v7e-m/fpv4-sp/hard/crtbegin.o
 .ARM.attributes
                0x0000000000000056       0x39 Core/Src/ReadSensorValues.o
 .ARM.attributes
                0x000000000000008f       0x39 Core/Src/main.o
 .ARM.attributes
                0x00000000000000c8       0x39 Core/Src/stm32f3xx_hal_msp.o
 .ARM.attributes
                0x0000000000000101       0x39 Core/Src/stm32f3xx_it.o
 .ARM.attributes
                0x000000000000013a       0x39 Core/Src/system_stm32f3xx.o
 .ARM.attributes
                0x0000000000000173       0x21 Core/Startup/startup_stm32f303retx.o
 .ARM.attributes
                0x0000000000000194       0x39 Drivers/DIGIPOT_MCP4222/MCP_Read_Write.o
 .ARM.attributes
                0x00000000000001cd       0x39 Drivers/HTS221_SPI/HTS221_SPI.o
 .ARM.attributes
                0x0000000000000206       0x39 Drivers/LIS2DH/lis2dh12_reg.o
 .ARM.attributes
                0x000000000000023f       0x39 Drivers/SHTC3/shtc3.o
 .ARM.attributes
                0x0000000000000278       0x39 Drivers/STM32F3xx_HAL_Driver/Src/stm32f3xx_hal.o
 .ARM.attributes
                0x00000000000002b1       0x39 Drivers/STM32F3xx_HAL_Driver/Src/stm32f3xx_hal_adc.o
 .ARM.attributes
                0x00000000000002ea       0x39 Drivers/STM32F3xx_HAL_Driver/Src/stm32f3xx_hal_adc_ex.o
 .ARM.attributes
                0x0000000000000323       0x39 Drivers/STM32F3xx_HAL_Driver/Src/stm32f3xx_hal_can.o
 .ARM.attributes
                0x000000000000035c       0x39 Drivers/STM32F3xx_HAL_Driver/Src/stm32f3xx_hal_cortex.o
 .ARM.attributes
                0x0000000000000395       0x39 Drivers/STM32F3xx_HAL_Driver/Src/stm32f3xx_hal_dma.o
 .ARM.attributes
                0x00000000000003ce       0x39 Drivers/STM32F3xx_HAL_Driver/Src/stm32f3xx_hal_gpio.o
 .ARM.attributes
                0x0000000000000407       0x39 Drivers/STM32F3xx_HAL_Driver/Src/stm32f3xx_hal_i2c.o
 .ARM.attributes
                0x0000000000000440       0x39 Drivers/STM32F3xx_HAL_Driver/Src/stm32f3xx_hal_i2c_ex.o
 .ARM.attributes
                0x0000000000000479       0x39 Drivers/STM32F3xx_HAL_Driver/Src/stm32f3xx_hal_rcc.o
 .ARM.attributes
                0x00000000000004b2       0x39 Drivers/STM32F3xx_HAL_Driver/Src/stm32f3xx_hal_rcc_ex.o
 .ARM.attributes
                0x00000000000004eb       0x39 Drivers/STM32F3xx_HAL_Driver/Src/stm32f3xx_hal_rtc.o
 .ARM.attributes
                0x0000000000000524       0x39 Drivers/STM32F3xx_HAL_Driver/Src/stm32f3xx_hal_spi.o
 .ARM.attributes
                0x000000000000055d       0x34 c:/st/stm32cubeide_1.4.0/stm32cubeide/plugins/com.st.stm32cube.ide.mcu.externaltools.gnu-tools-for-stm32.7-2018-q2-update.win32_1.4.0.202007081208/tools/bin/../lib/gcc/arm-none-eabi/7.3.1/../../../../arm-none-eabi/lib/thumb/v7e-m/fpv4-sp/hard\libc_nano.a(lib_a-init.o)
 .ARM.attributes
                0x0000000000000591       0x34 c:/st/stm32cubeide_1.4.0/stm32cubeide/plugins/com.st.stm32cube.ide.mcu.externaltools.gnu-tools-for-stm32.7-2018-q2-update.win32_1.4.0.202007081208/tools/bin/../lib/gcc/arm-none-eabi/7.3.1/../../../../arm-none-eabi/lib/thumb/v7e-m/fpv4-sp/hard\libc_nano.a(lib_a-memset.o)
 .ARM.attributes
                0x00000000000005c5       0x22 c:/st/stm32cubeide_1.4.0/stm32cubeide/plugins/com.st.stm32cube.ide.mcu.externaltools.gnu-tools-for-stm32.7-2018-q2-update.win32_1.4.0.202007081208/tools/bin/../lib/gcc/arm-none-eabi/7.3.1/thumb/v7e-m/fpv4-sp/hard\libgcc.a(_arm_addsubdf3.o)
 .ARM.attributes
                0x00000000000005e7       0x22 c:/st/stm32cubeide_1.4.0/stm32cubeide/plugins/com.st.stm32cube.ide.mcu.externaltools.gnu-tools-for-stm32.7-2018-q2-update.win32_1.4.0.202007081208/tools/bin/../lib/gcc/arm-none-eabi/7.3.1/thumb/v7e-m/fpv4-sp/hard\libgcc.a(_arm_muldivdf3.o)
 .ARM.attributes
                0x0000000000000609       0x22 c:/st/stm32cubeide_1.4.0/stm32cubeide/plugins/com.st.stm32cube.ide.mcu.externaltools.gnu-tools-for-stm32.7-2018-q2-update.win32_1.4.0.202007081208/tools/bin/../lib/gcc/arm-none-eabi/7.3.1/thumb/v7e-m/fpv4-sp/hard\libgcc.a(_arm_truncdfsf2.o)
 .ARM.attributes
                0x000000000000062b       0x22 c:/st/stm32cubeide_1.4.0/stm32cubeide/plugins/com.st.stm32cube.ide.mcu.externaltools.gnu-tools-for-stm32.7-2018-q2-update.win32_1.4.0.202007081208/tools/bin/../lib/gcc/arm-none-eabi/7.3.1/thumb/v7e-m/fpv4-sp/hard/crtn.o
OUTPUT(DVT2LogicBoard.elf elf32-littlearm)

.debug_info     0x0000000000000000    0x1d7b2
 .debug_info    0x0000000000000000     0x28a2 Core/Src/ReadSensorValues.o
 .debug_info    0x00000000000028a2     0x2cf1 Core/Src/main.o
 .debug_info    0x0000000000005593     0x1a97 Core/Src/stm32f3xx_hal_msp.o
 .debug_info    0x000000000000702a     0x1592 Core/Src/stm32f3xx_it.o
 .debug_info    0x00000000000085bc      0x45c Core/Src/system_stm32f3xx.o
 .debug_info    0x0000000000008a18       0x22 Core/Startup/startup_stm32f303retx.o
 .debug_info    0x0000000000008a3a     0x13c8 Drivers/DIGIPOT_MCP4222/MCP_Read_Write.o
 .debug_info    0x0000000000009e02     0x2caa Drivers/HTS221_SPI/HTS221_SPI.o
 .debug_info    0x000000000000caac     0x497e Drivers/LIS2DH/lis2dh12_reg.o
 .debug_info    0x000000000001142a      0x2fc Drivers/SHTC3/shtc3.o
 .debug_info    0x0000000000011726      0x812 Drivers/STM32F3xx_HAL_Driver/Src/stm32f3xx_hal.o
 .debug_info    0x0000000000011f38      0xbce Drivers/STM32F3xx_HAL_Driver/Src/stm32f3xx_hal_adc.o
 .debug_info    0x0000000000012b06     0x1571 Drivers/STM32F3xx_HAL_Driver/Src/stm32f3xx_hal_adc_ex.o
 .debug_info    0x0000000000014077      0xfb2 Drivers/STM32F3xx_HAL_Driver/Src/stm32f3xx_hal_can.o
 .debug_info    0x0000000000015029      0xdc9 Drivers/STM32F3xx_HAL_Driver/Src/stm32f3xx_hal_cortex.o
 .debug_info    0x0000000000015df2      0x7cb Drivers/STM32F3xx_HAL_Driver/Src/stm32f3xx_hal_dma.o
 .debug_info    0x00000000000165bd      0x7b2 Drivers/STM32F3xx_HAL_Driver/Src/stm32f3xx_hal_gpio.o
 .debug_info    0x0000000000016d6f     0x1f65 Drivers/STM32F3xx_HAL_Driver/Src/stm32f3xx_hal_i2c.o
 .debug_info    0x0000000000018cd4      0x994 Drivers/STM32F3xx_HAL_Driver/Src/stm32f3xx_hal_i2c_ex.o
 .debug_info    0x0000000000019668     0x181f Drivers/STM32F3xx_HAL_Driver/Src/stm32f3xx_hal_rcc.o
 .debug_info    0x000000000001ae87      0x712 Drivers/STM32F3xx_HAL_Driver/Src/stm32f3xx_hal_rcc_ex.o
 .debug_info    0x000000000001b599      0xbf4 Drivers/STM32F3xx_HAL_Driver/Src/stm32f3xx_hal_rtc.o
 .debug_info    0x000000000001c18d     0x1625 Drivers/STM32F3xx_HAL_Driver/Src/stm32f3xx_hal_spi.o

.debug_abbrev   0x0000000000000000     0x300e
 .debug_abbrev  0x0000000000000000      0x365 Core/Src/ReadSensorValues.o
 .debug_abbrev  0x0000000000000365      0x36b Core/Src/main.o
 .debug_abbrev  0x00000000000006d0      0x26b Core/Src/stm32f3xx_hal_msp.o
 .debug_abbrev  0x000000000000093b      0x1c7 Core/Src/stm32f3xx_it.o
 .debug_abbrev  0x0000000000000b02      0x12b Core/Src/system_stm32f3xx.o
 .debug_abbrev  0x0000000000000c2d       0x12 Core/Startup/startup_stm32f303retx.o
 .debug_abbrev  0x0000000000000c3f      0x1fc Drivers/DIGIPOT_MCP4222/MCP_Read_Write.o
 .debug_abbrev  0x0000000000000e3b      0x2f5 Drivers/HTS221_SPI/HTS221_SPI.o
 .debug_abbrev  0x0000000000001130      0x2fa Drivers/LIS2DH/lis2dh12_reg.o
 .debug_abbrev  0x000000000000142a      0x13d Drivers/SHTC3/shtc3.o
 .debug_abbrev  0x0000000000001567      0x1c7 Drivers/STM32F3xx_HAL_Driver/Src/stm32f3xx_hal.o
 .debug_abbrev  0x000000000000172e      0x187 Drivers/STM32F3xx_HAL_Driver/Src/stm32f3xx_hal_adc.o
 .debug_abbrev  0x00000000000018b5      0x225 Drivers/STM32F3xx_HAL_Driver/Src/stm32f3xx_hal_adc_ex.o
 .debug_abbrev  0x0000000000001ada      0x21d Drivers/STM32F3xx_HAL_Driver/Src/stm32f3xx_hal_can.o
 .debug_abbrev  0x0000000000001cf7      0x2fa Drivers/STM32F3xx_HAL_Driver/Src/stm32f3xx_hal_cortex.o
 .debug_abbrev  0x0000000000001ff1      0x1fe Drivers/STM32F3xx_HAL_Driver/Src/stm32f3xx_hal_dma.o
 .debug_abbrev  0x00000000000021ef      0x1c0 Drivers/STM32F3xx_HAL_Driver/Src/stm32f3xx_hal_gpio.o
 .debug_abbrev  0x00000000000023af      0x22a Drivers/STM32F3xx_HAL_Driver/Src/stm32f3xx_hal_i2c.o
 .debug_abbrev  0x00000000000025d9      0x1b9 Drivers/STM32F3xx_HAL_Driver/Src/stm32f3xx_hal_i2c_ex.o
 .debug_abbrev  0x0000000000002792      0x28c Drivers/STM32F3xx_HAL_Driver/Src/stm32f3xx_hal_rcc.o
 .debug_abbrev  0x0000000000002a1e      0x219 Drivers/STM32F3xx_HAL_Driver/Src/stm32f3xx_hal_rcc_ex.o
 .debug_abbrev  0x0000000000002c37      0x1af Drivers/STM32F3xx_HAL_Driver/Src/stm32f3xx_hal_rtc.o
 .debug_abbrev  0x0000000000002de6      0x228 Drivers/STM32F3xx_HAL_Driver/Src/stm32f3xx_hal_spi.o

.debug_aranges  0x0000000000000000     0x14f8
 .debug_aranges
                0x0000000000000000       0xe0 Core/Src/ReadSensorValues.o
 .debug_aranges
                0x00000000000000e0       0x98 Core/Src/main.o
 .debug_aranges
                0x0000000000000178       0x70 Core/Src/stm32f3xx_hal_msp.o
 .debug_aranges
                0x00000000000001e8       0x78 Core/Src/stm32f3xx_it.o
 .debug_aranges
                0x0000000000000260       0x28 Core/Src/system_stm32f3xx.o
 .debug_aranges
                0x0000000000000288       0x28 Core/Startup/startup_stm32f303retx.o
 .debug_aranges
                0x00000000000002b0       0x78 Drivers/DIGIPOT_MCP4222/MCP_Read_Write.o
 .debug_aranges
                0x0000000000000328      0x170 Drivers/HTS221_SPI/HTS221_SPI.o
 .debug_aranges
                0x0000000000000498      0x3b8 Drivers/LIS2DH/lis2dh12_reg.o
 .debug_aranges
                0x0000000000000850       0x48 Drivers/SHTC3/shtc3.o
 .debug_aranges
                0x0000000000000898       0xe0 Drivers/STM32F3xx_HAL_Driver/Src/stm32f3xx_hal.o
 .debug_aranges
                0x0000000000000978       0xc8 Drivers/STM32F3xx_HAL_Driver/Src/stm32f3xx_hal_adc.o
 .debug_aranges
                0x0000000000000a40      0x168 Drivers/STM32F3xx_HAL_Driver/Src/stm32f3xx_hal_adc_ex.o
 .debug_aranges
                0x0000000000000ba8      0x138 Drivers/STM32F3xx_HAL_Driver/Src/stm32f3xx_hal_can.o
 .debug_aranges
                0x0000000000000ce0      0x118 Drivers/STM32F3xx_HAL_Driver/Src/stm32f3xx_hal_cortex.o
 .debug_aranges
                0x0000000000000df8       0x88 Drivers/STM32F3xx_HAL_Driver/Src/stm32f3xx_hal_dma.o
 .debug_aranges
                0x0000000000000e80       0x58 Drivers/STM32F3xx_HAL_Driver/Src/stm32f3xx_hal_gpio.o
 .debug_aranges
                0x0000000000000ed8      0x288 Drivers/STM32F3xx_HAL_Driver/Src/stm32f3xx_hal_i2c.o
 .debug_aranges
                0x0000000000001160       0x48 Drivers/STM32F3xx_HAL_Driver/Src/stm32f3xx_hal_i2c_ex.o
 .debug_aranges
                0x00000000000011a8       0x88 Drivers/STM32F3xx_HAL_Driver/Src/stm32f3xx_hal_rcc.o
 .debug_aranges
                0x0000000000001230       0x38 Drivers/STM32F3xx_HAL_Driver/Src/stm32f3xx_hal_rcc_ex.o
 .debug_aranges
                0x0000000000001268       0xb8 Drivers/STM32F3xx_HAL_Driver/Src/stm32f3xx_hal_rtc.o
 .debug_aranges
                0x0000000000001320      0x1d8 Drivers/STM32F3xx_HAL_Driver/Src/stm32f3xx_hal_spi.o

.debug_ranges   0x0000000000000000     0x1390
 .debug_ranges  0x0000000000000000       0xd0 Core/Src/ReadSensorValues.o
 .debug_ranges  0x00000000000000d0       0x88 Core/Src/main.o
 .debug_ranges  0x0000000000000158       0x60 Core/Src/stm32f3xx_hal_msp.o
 .debug_ranges  0x00000000000001b8       0x68 Core/Src/stm32f3xx_it.o
 .debug_ranges  0x0000000000000220       0x18 Core/Src/system_stm32f3xx.o
 .debug_ranges  0x0000000000000238       0x20 Core/Startup/startup_stm32f303retx.o
 .debug_ranges  0x0000000000000258       0x68 Drivers/DIGIPOT_MCP4222/MCP_Read_Write.o
 .debug_ranges  0x00000000000002c0      0x160 Drivers/HTS221_SPI/HTS221_SPI.o
 .debug_ranges  0x0000000000000420      0x3a8 Drivers/LIS2DH/lis2dh12_reg.o
 .debug_ranges  0x00000000000007c8       0x38 Drivers/SHTC3/shtc3.o
 .debug_ranges  0x0000000000000800       0xd0 Drivers/STM32F3xx_HAL_Driver/Src/stm32f3xx_hal.o
 .debug_ranges  0x00000000000008d0       0xb8 Drivers/STM32F3xx_HAL_Driver/Src/stm32f3xx_hal_adc.o
 .debug_ranges  0x0000000000000988      0x158 Drivers/STM32F3xx_HAL_Driver/Src/stm32f3xx_hal_adc_ex.o
 .debug_ranges  0x0000000000000ae0      0x128 Drivers/STM32F3xx_HAL_Driver/Src/stm32f3xx_hal_can.o
 .debug_ranges  0x0000000000000c08      0x108 Drivers/STM32F3xx_HAL_Driver/Src/stm32f3xx_hal_cortex.o
 .debug_ranges  0x0000000000000d10       0x78 Drivers/STM32F3xx_HAL_Driver/Src/stm32f3xx_hal_dma.o
 .debug_ranges  0x0000000000000d88       0x48 Drivers/STM32F3xx_HAL_Driver/Src/stm32f3xx_hal_gpio.o
 .debug_ranges  0x0000000000000dd0      0x278 Drivers/STM32F3xx_HAL_Driver/Src/stm32f3xx_hal_i2c.o
 .debug_ranges  0x0000000000001048       0x38 Drivers/STM32F3xx_HAL_Driver/Src/stm32f3xx_hal_i2c_ex.o
 .debug_ranges  0x0000000000001080       0x78 Drivers/STM32F3xx_HAL_Driver/Src/stm32f3xx_hal_rcc.o
 .debug_ranges  0x00000000000010f8       0x28 Drivers/STM32F3xx_HAL_Driver/Src/stm32f3xx_hal_rcc_ex.o
 .debug_ranges  0x0000000000001120       0xa8 Drivers/STM32F3xx_HAL_Driver/Src/stm32f3xx_hal_rtc.o
 .debug_ranges  0x00000000000011c8      0x1c8 Drivers/STM32F3xx_HAL_Driver/Src/stm32f3xx_hal_spi.o

.debug_macro    0x0000000000000000    0x1fadc
 .debug_macro   0x0000000000000000      0x34f Core/Src/ReadSensorValues.o
 .debug_macro   0x000000000000034f      0xa5a Core/Src/ReadSensorValues.o
 .debug_macro   0x0000000000000da9      0x163 Core/Src/ReadSensorValues.o
 .debug_macro   0x0000000000000f0c       0x2e Core/Src/ReadSensorValues.o
 .debug_macro   0x0000000000000f3a       0x28 Core/Src/ReadSensorValues.o
 .debug_macro   0x0000000000000f62       0x22 Core/Src/ReadSensorValues.o
 .debug_macro   0x0000000000000f84       0x8e Core/Src/ReadSensorValues.o
 .debug_macro   0x0000000000001012       0x51 Core/Src/ReadSensorValues.o
 .debug_macro   0x0000000000001063       0xef Core/Src/ReadSensorValues.o
 .debug_macro   0x0000000000001152       0x6a Core/Src/ReadSensorValues.o
 .debug_macro   0x00000000000011bc      0x1df Core/Src/ReadSensorValues.o
 .debug_macro   0x000000000000139b       0x1c Core/Src/ReadSensorValues.o
 .debug_macro   0x00000000000013b7       0x22 Core/Src/ReadSensorValues.o
 .debug_macro   0x00000000000013d9       0xdf Core/Src/ReadSensorValues.o
 .debug_macro   0x00000000000014b8     0x102d Core/Src/ReadSensorValues.o
 .debug_macro   0x00000000000024e5      0x11f Core/Src/ReadSensorValues.o
 .debug_macro   0x0000000000002604    0x15353 Core/Src/ReadSensorValues.o
 .debug_macro   0x0000000000017957       0x43 Core/Src/ReadSensorValues.o
 .debug_macro   0x000000000001799a      0x174 Core/Src/ReadSensorValues.o
 .debug_macro   0x0000000000017b0e       0x53 Core/Src/ReadSensorValues.o
 .debug_macro   0x0000000000017b61      0x954 Core/Src/ReadSensorValues.o
 .debug_macro   0x00000000000184b5      0x84a Core/Src/ReadSensorValues.o
 .debug_macro   0x0000000000018cff      0x12f Core/Src/ReadSensorValues.o
 .debug_macro   0x0000000000018e2e      0x23a Core/Src/ReadSensorValues.o
 .debug_macro   0x0000000000019068      0x1ea Core/Src/ReadSensorValues.o
 .debug_macro   0x0000000000019252      0x1bc Core/Src/ReadSensorValues.o
 .debug_macro   0x000000000001940e       0x30 Core/Src/ReadSensorValues.o
 .debug_macro   0x000000000001943e       0x3c Core/Src/ReadSensorValues.o
 .debug_macro   0x000000000001947a      0x236 Core/Src/ReadSensorValues.o
 .debug_macro   0x00000000000196b0      0x9fe Core/Src/ReadSensorValues.o
 .debug_macro   0x000000000001a0ae       0x77 Core/Src/ReadSensorValues.o
 .debug_macro   0x000000000001a125      0x408 Core/Src/ReadSensorValues.o
 .debug_macro   0x000000000001a52d       0xc5 Core/Src/ReadSensorValues.o
 .debug_macro   0x000000000001a5f2      0x21d Core/Src/ReadSensorValues.o
 .debug_macro   0x000000000001a80f      0x22c Core/Src/ReadSensorValues.o
 .debug_macro   0x000000000001aa3b       0x58 Core/Src/ReadSensorValues.o
 .debug_macro   0x000000000001aa93       0xa5 Core/Src/ReadSensorValues.o
 .debug_macro   0x000000000001ab38       0x81 Core/Src/ReadSensorValues.o
 .debug_macro   0x000000000001abb9       0xd3 Core/Src/ReadSensorValues.o
 .debug_macro   0x000000000001ac8c      0x30c Core/Src/ReadSensorValues.o
 .debug_macro   0x000000000001af98      0x3df Core/Src/ReadSensorValues.o
 .debug_macro   0x000000000001b377       0xeb Core/Src/ReadSensorValues.o
 .debug_macro   0x000000000001b462      0x2fe Core/Src/ReadSensorValues.o
 .debug_macro   0x000000000001b760      0x347 Core/Src/ReadSensorValues.o
 .debug_macro   0x000000000001baa7      0x2e7 Core/Src/ReadSensorValues.o
 .debug_macro   0x000000000001bd8e       0x18 Core/Src/ReadSensorValues.o
 .debug_macro   0x000000000001bda6       0x46 Core/Src/ReadSensorValues.o
 .debug_macro   0x000000000001bdec       0x3c Core/Src/ReadSensorValues.o
 .debug_macro   0x000000000001be28       0x34 Core/Src/ReadSensorValues.o
 .debug_macro   0x000000000001be5c       0x16 Core/Src/ReadSensorValues.o
 .debug_macro   0x000000000001be72       0x35 Core/Src/ReadSensorValues.o
 .debug_macro   0x000000000001bea7       0x52 Core/Src/ReadSensorValues.o
 .debug_macro   0x000000000001bef9       0x1f Core/Src/ReadSensorValues.o
 .debug_macro   0x000000000001bf18       0x43 Core/Src/ReadSensorValues.o
 .debug_macro   0x000000000001bf5b       0x20 Core/Src/ReadSensorValues.o
 .debug_macro   0x000000000001bf7b      0x1a3 Core/Src/ReadSensorValues.o
 .debug_macro   0x000000000001c11e      0x32a Core/Src/ReadSensorValues.o
 .debug_macro   0x000000000001c448       0x16 Core/Src/ReadSensorValues.o
 .debug_macro   0x000000000001c45e       0x29 Core/Src/ReadSensorValues.o
 .debug_macro   0x000000000001c487       0x16 Core/Src/ReadSensorValues.o
 .debug_macro   0x000000000001c49d       0x20 Core/Src/ReadSensorValues.o
 .debug_macro   0x000000000001c4bd       0x16 Core/Src/ReadSensorValues.o
 .debug_macro   0x000000000001c4d3       0x64 Core/Src/ReadSensorValues.o
 .debug_macro   0x000000000001c537      0x1e1 Core/Src/ReadSensorValues.o
 .debug_macro   0x000000000001c718       0xc5 Core/Src/ReadSensorValues.o
 .debug_macro   0x000000000001c7dd      0x12f Core/Src/ReadSensorValues.o
 .debug_macro   0x000000000001c90c      0x30c Core/Src/main.o
 .debug_macro   0x000000000001cc18      0x206 Core/Src/stm32f3xx_hal_msp.o
 .debug_macro   0x000000000001ce1e      0x210 Core/Src/stm32f3xx_it.o
 .debug_macro   0x000000000001d02e      0x1fd Core/Src/system_stm32f3xx.o
 .debug_macro   0x000000000001d22b      0x20f Drivers/DIGIPOT_MCP4222/MCP_Read_Write.o
 .debug_macro   0x000000000001d43a      0x2dd Drivers/HTS221_SPI/HTS221_SPI.o
 .debug_macro   0x000000000001d717       0xd9 Drivers/HTS221_SPI/HTS221_SPI.o
 .debug_macro   0x000000000001d7f0       0x4d Drivers/HTS221_SPI/HTS221_SPI.o
 .debug_macro   0x000000000001d83d      0x2ed Drivers/HTS221_SPI/HTS221_SPI.o
 .debug_macro   0x000000000001db2a      0x2b3 Drivers/LIS2DH/lis2dh12_reg.o
 .debug_macro   0x000000000001dddd      0x13b Drivers/LIS2DH/lis2dh12_reg.o
 .debug_macro   0x000000000001df18       0xa8 Drivers/SHTC3/shtc3.o
 .debug_macro   0x000000000001dfc0       0x10 Drivers/SHTC3/shtc3.o
 .debug_macro   0x000000000001dfd0      0x21b Drivers/STM32F3xx_HAL_Driver/Src/stm32f3xx_hal.o
 .debug_macro   0x000000000001e1eb      0x1f8 Drivers/STM32F3xx_HAL_Driver/Src/stm32f3xx_hal_adc.o
 .debug_macro   0x000000000001e3e3      0x221 Drivers/STM32F3xx_HAL_Driver/Src/stm32f3xx_hal_adc_ex.o
 .debug_macro   0x000000000001e604      0x1ff Drivers/STM32F3xx_HAL_Driver/Src/stm32f3xx_hal_can.o
 .debug_macro   0x000000000001e803      0x1f7 Drivers/STM32F3xx_HAL_Driver/Src/stm32f3xx_hal_cortex.o
 .debug_macro   0x000000000001e9fa      0x1f7 Drivers/STM32F3xx_HAL_Driver/Src/stm32f3xx_hal_dma.o
 .debug_macro   0x000000000001ebf1      0x22f Drivers/STM32F3xx_HAL_Driver/Src/stm32f3xx_hal_gpio.o
 .debug_macro   0x000000000001ee20      0x2bc Drivers/STM32F3xx_HAL_Driver/Src/stm32f3xx_hal_i2c.o
 .debug_macro   0x000000000001f0dc      0x1f7 Drivers/STM32F3xx_HAL_Driver/Src/stm32f3xx_hal_i2c_ex.o
 .debug_macro   0x000000000001f2d3      0x21b Drivers/STM32F3xx_HAL_Driver/Src/stm32f3xx_hal_rcc.o
 .debug_macro   0x000000000001f4ee      0x1f7 Drivers/STM32F3xx_HAL_Driver/Src/stm32f3xx_hal_rcc_ex.o
 .debug_macro   0x000000000001f6e5      0x1f8 Drivers/STM32F3xx_HAL_Driver/Src/stm32f3xx_hal_rtc.o
 .debug_macro   0x000000000001f8dd      0x1ff Drivers/STM32F3xx_HAL_Driver/Src/stm32f3xx_hal_spi.o

.debug_line     0x0000000000000000    0x104ae
 .debug_line    0x0000000000000000      0xcfd Core/Src/ReadSensorValues.o
 .debug_line    0x0000000000000cfd      0xb9a Core/Src/main.o
 .debug_line    0x0000000000001897      0x832 Core/Src/stm32f3xx_hal_msp.o
 .debug_line    0x00000000000020c9      0x7f8 Core/Src/stm32f3xx_it.o
 .debug_line    0x00000000000028c1      0x711 Core/Src/system_stm32f3xx.o
 .debug_line    0x0000000000002fd2       0x85 Core/Startup/startup_stm32f303retx.o
 .debug_line    0x0000000000003057      0x82d Drivers/DIGIPOT_MCP4222/MCP_Read_Write.o
 .debug_line    0x0000000000003884      0xc37 Drivers/HTS221_SPI/HTS221_SPI.o
 .debug_line    0x00000000000044bb     0x11f2 Drivers/LIS2DH/lis2dh12_reg.o
 .debug_line    0x00000000000056ad      0x3fd Drivers/SHTC3/shtc3.o
 .debug_line    0x0000000000005aaa      0x8cc Drivers/STM32F3xx_HAL_Driver/Src/stm32f3xx_hal.o
 .debug_line    0x0000000000006376      0x87b Drivers/STM32F3xx_HAL_Driver/Src/stm32f3xx_hal_adc.o
 .debug_line    0x0000000000006bf1     0x1a23 Drivers/STM32F3xx_HAL_Driver/Src/stm32f3xx_hal_adc_ex.o
 .debug_line    0x0000000000008614      0xb98 Drivers/STM32F3xx_HAL_Driver/Src/stm32f3xx_hal_can.o
 .debug_line    0x00000000000091ac      0xa01 Drivers/STM32F3xx_HAL_Driver/Src/stm32f3xx_hal_cortex.o
 .debug_line    0x0000000000009bad      0x90b Drivers/STM32F3xx_HAL_Driver/Src/stm32f3xx_hal_dma.o
 .debug_line    0x000000000000a4b8      0x8a9 Drivers/STM32F3xx_HAL_Driver/Src/stm32f3xx_hal_gpio.o
 .debug_line    0x000000000000ad61     0x1a66 Drivers/STM32F3xx_HAL_Driver/Src/stm32f3xx_hal_i2c.o
 .debug_line    0x000000000000c7c7      0x835 Drivers/STM32F3xx_HAL_Driver/Src/stm32f3xx_hal_i2c_ex.o
 .debug_line    0x000000000000cffc      0xe47 Drivers/STM32F3xx_HAL_Driver/Src/stm32f3xx_hal_rcc.o
 .debug_line    0x000000000000de43      0xa6d Drivers/STM32F3xx_HAL_Driver/Src/stm32f3xx_hal_rcc_ex.o
 .debug_line    0x000000000000e8b0      0xa90 Drivers/STM32F3xx_HAL_Driver/Src/stm32f3xx_hal_rtc.o
 .debug_line    0x000000000000f340     0x116e Drivers/STM32F3xx_HAL_Driver/Src/stm32f3xx_hal_spi.o

.debug_str      0x0000000000000000    0xb973c
 .debug_str     0x0000000000000000    0xb3642 Core/Src/ReadSensorValues.o
                                      0xb3e9f (size before relaxing)
 .debug_str     0x00000000000b3642      0xa19 Core/Src/main.o
                                      0xb46e6 (size before relaxing)
 .debug_str     0x00000000000b405b       0xe7 Core/Src/stm32f3xx_hal_msp.o
                                      0xafe7f (size before relaxing)
 .debug_str     0x00000000000b4142       0xd6 Core/Src/stm32f3xx_it.o
                                      0xaf989 (size before relaxing)
 .debug_str     0x00000000000b4218       0x76 Core/Src/system_stm32f3xx.o
                                      0xae177 (size before relaxing)
 .debug_str     0x00000000000b428e       0x36 Core/Startup/startup_stm32f303retx.o
                                         0x9b (size before relaxing)
 .debug_str     0x00000000000b42c4      0x103 Drivers/DIGIPOT_MCP4222/MCP_Read_Write.o
                                      0xaf83f (size before relaxing)
 .debug_str     0x00000000000b43c7      0x788 Drivers/HTS221_SPI/HTS221_SPI.o
                                      0xb38df (size before relaxing)
 .debug_str     0x00000000000b4b4f     0x16a1 Drivers/LIS2DH/lis2dh12_reg.o
                                      0xb4965 (size before relaxing)
 .debug_str     0x00000000000b61f0      0x235 Drivers/SHTC3/shtc3.o
                                       0x3efa (size before relaxing)
 .debug_str     0x00000000000b6425      0x3a5 Drivers/STM32F3xx_HAL_Driver/Src/stm32f3xx_hal.o
                                      0xae967 (size before relaxing)
 .debug_str     0x00000000000b67ca      0x211 Drivers/STM32F3xx_HAL_Driver/Src/stm32f3xx_hal_adc.o
                                      0xae78b (size before relaxing)
 .debug_str     0x00000000000b69db      0x6bf Drivers/STM32F3xx_HAL_Driver/Src/stm32f3xx_hal_adc_ex.o
                                      0xaedb8 (size before relaxing)
 .debug_str     0x00000000000b709a      0x456 Drivers/STM32F3xx_HAL_Driver/Src/stm32f3xx_hal_can.o
                                      0xae907 (size before relaxing)
 .debug_str     0x00000000000b74f0      0x397 Drivers/STM32F3xx_HAL_Driver/Src/stm32f3xx_hal_cortex.o
                                      0xaea75 (size before relaxing)
 .debug_str     0x00000000000b7887      0x248 Drivers/STM32F3xx_HAL_Driver/Src/stm32f3xx_hal_dma.o
                                      0xae4da (size before relaxing)
 .debug_str     0x00000000000b7acf      0x208 Drivers/STM32F3xx_HAL_Driver/Src/stm32f3xx_hal_gpio.o
                                      0xae43e (size before relaxing)
 .debug_str     0x00000000000b7cd7      0xdb7 Drivers/STM32F3xx_HAL_Driver/Src/stm32f3xx_hal_i2c.o
                                      0xaf361 (size before relaxing)
 .debug_str     0x00000000000b8a8e       0xf3 Drivers/STM32F3xx_HAL_Driver/Src/stm32f3xx_hal_i2c_ex.o
                                      0xae723 (size before relaxing)
 .debug_str     0x00000000000b8b81      0x2fe Drivers/STM32F3xx_HAL_Driver/Src/stm32f3xx_hal_rcc.o
                                      0xae5d2 (size before relaxing)
 .debug_str     0x00000000000b8e7f       0xd8 Drivers/STM32F3xx_HAL_Driver/Src/stm32f3xx_hal_rcc_ex.o
                                      0xae41c (size before relaxing)
 .debug_str     0x00000000000b8f57      0x298 Drivers/STM32F3xx_HAL_Driver/Src/stm32f3xx_hal_rtc.o
                                      0xae5cf (size before relaxing)
 .debug_str     0x00000000000b91ef      0x54d Drivers/STM32F3xx_HAL_Driver/Src/stm32f3xx_hal_spi.o
                                      0xaea3b (size before relaxing)

.comment        0x0000000000000000       0x7b
 .comment       0x0000000000000000       0x7b Core/Src/ReadSensorValues.o
                                         0x7c (size before relaxing)
 .comment       0x000000000000007b       0x7c Core/Src/main.o
 .comment       0x000000000000007b       0x7c Core/Src/stm32f3xx_hal_msp.o
 .comment       0x000000000000007b       0x7c Core/Src/stm32f3xx_it.o
 .comment       0x000000000000007b       0x7c Core/Src/system_stm32f3xx.o
 .comment       0x000000000000007b       0x7c Drivers/DIGIPOT_MCP4222/MCP_Read_Write.o
 .comment       0x000000000000007b       0x7c Drivers/HTS221_SPI/HTS221_SPI.o
 .comment       0x000000000000007b       0x7c Drivers/LIS2DH/lis2dh12_reg.o
 .comment       0x000000000000007b       0x7c Drivers/SHTC3/shtc3.o
 .comment       0x000000000000007b       0x7c Drivers/STM32F3xx_HAL_Driver/Src/stm32f3xx_hal.o
 .comment       0x000000000000007b       0x7c Drivers/STM32F3xx_HAL_Driver/Src/stm32f3xx_hal_adc.o
 .comment       0x000000000000007b       0x7c Drivers/STM32F3xx_HAL_Driver/Src/stm32f3xx_hal_adc_ex.o
 .comment       0x000000000000007b       0x7c Drivers/STM32F3xx_HAL_Driver/Src/stm32f3xx_hal_can.o
 .comment       0x000000000000007b       0x7c Drivers/STM32F3xx_HAL_Driver/Src/stm32f3xx_hal_cortex.o
 .comment       0x000000000000007b       0x7c Drivers/STM32F3xx_HAL_Driver/Src/stm32f3xx_hal_dma.o
 .comment       0x000000000000007b       0x7c Drivers/STM32F3xx_HAL_Driver/Src/stm32f3xx_hal_gpio.o
 .comment       0x000000000000007b       0x7c Drivers/STM32F3xx_HAL_Driver/Src/stm32f3xx_hal_i2c.o
 .comment       0x000000000000007b       0x7c Drivers/STM32F3xx_HAL_Driver/Src/stm32f3xx_hal_i2c_ex.o
 .comment       0x000000000000007b       0x7c Drivers/STM32F3xx_HAL_Driver/Src/stm32f3xx_hal_rcc.o
 .comment       0x000000000000007b       0x7c Drivers/STM32F3xx_HAL_Driver/Src/stm32f3xx_hal_rcc_ex.o
 .comment       0x000000000000007b       0x7c Drivers/STM32F3xx_HAL_Driver/Src/stm32f3xx_hal_rtc.o
 .comment       0x000000000000007b       0x7c Drivers/STM32F3xx_HAL_Driver/Src/stm32f3xx_hal_spi.o

.debug_frame    0x0000000000000000     0x59a0
 .debug_frame   0x0000000000000000      0x3a0 Core/Src/ReadSensorValues.o
 .debug_frame   0x00000000000003a0      0x210 Core/Src/main.o
 .debug_frame   0x00000000000005b0      0x1a8 Core/Src/stm32f3xx_hal_msp.o
 .debug_frame   0x0000000000000758      0x15c Core/Src/stm32f3xx_it.o
 .debug_frame   0x00000000000008b4       0x58 Core/Src/system_stm32f3xx.o
 .debug_frame   0x000000000000090c      0x1d0 Drivers/DIGIPOT_MCP4222/MCP_Read_Write.o
 .debug_frame   0x0000000000000adc      0x634 Drivers/HTS221_SPI/HTS221_SPI.o
 .debug_frame   0x0000000000001110     0x10a4 Drivers/LIS2DH/lis2dh12_reg.o
 .debug_frame   0x00000000000021b4       0xf4 Drivers/SHTC3/shtc3.o
 .debug_frame   0x00000000000022a8      0x334 Drivers/STM32F3xx_HAL_Driver/Src/stm32f3xx_hal.o
 .debug_frame   0x00000000000025dc      0x380 Drivers/STM32F3xx_HAL_Driver/Src/stm32f3xx_hal_adc.o
 .debug_frame   0x000000000000295c      0x644 Drivers/STM32F3xx_HAL_Driver/Src/stm32f3xx_hal_adc_ex.o
 .debug_frame   0x0000000000002fa0      0x5a0 Drivers/STM32F3xx_HAL_Driver/Src/stm32f3xx_hal_can.o
 .debug_frame   0x0000000000003540      0x498 Drivers/STM32F3xx_HAL_Driver/Src/stm32f3xx_hal_cortex.o
 .debug_frame   0x00000000000039d8      0x224 Drivers/STM32F3xx_HAL_Driver/Src/stm32f3xx_hal_dma.o
 .debug_frame   0x0000000000003bfc      0x14c Drivers/STM32F3xx_HAL_Driver/Src/stm32f3xx_hal_gpio.o
 .debug_frame   0x0000000000003d48      0xbbc Drivers/STM32F3xx_HAL_Driver/Src/stm32f3xx_hal_i2c.o
 .debug_frame   0x0000000000004904      0x100 Drivers/STM32F3xx_HAL_Driver/Src/stm32f3xx_hal_i2c_ex.o
 .debug_frame   0x0000000000004a04      0x214 Drivers/STM32F3xx_HAL_Driver/Src/stm32f3xx_hal_rcc.o
 .debug_frame   0x0000000000004c18       0xb4 Drivers/STM32F3xx_HAL_Driver/Src/stm32f3xx_hal_rcc_ex.o
 .debug_frame   0x0000000000004ccc      0x308 Drivers/STM32F3xx_HAL_Driver/Src/stm32f3xx_hal_rtc.o
 .debug_frame   0x0000000000004fd4      0x860 Drivers/STM32F3xx_HAL_Driver/Src/stm32f3xx_hal_spi.o
 .debug_frame   0x0000000000005834       0x2c c:/st/stm32cubeide_1.4.0/stm32cubeide/plugins/com.st.stm32cube.ide.mcu.externaltools.gnu-tools-for-stm32.7-2018-q2-update.win32_1.4.0.202007081208/tools/bin/../lib/gcc/arm-none-eabi/7.3.1/../../../../arm-none-eabi/lib/thumb/v7e-m/fpv4-sp/hard\libc_nano.a(lib_a-init.o)
 .debug_frame   0x0000000000005860       0x20 c:/st/stm32cubeide_1.4.0/stm32cubeide/plugins/com.st.stm32cube.ide.mcu.externaltools.gnu-tools-for-stm32.7-2018-q2-update.win32_1.4.0.202007081208/tools/bin/../lib/gcc/arm-none-eabi/7.3.1/../../../../arm-none-eabi/lib/thumb/v7e-m/fpv4-sp/hard\libc_nano.a(lib_a-memset.o)
 .debug_frame   0x0000000000005880       0xac c:/st/stm32cubeide_1.4.0/stm32cubeide/plugins/com.st.stm32cube.ide.mcu.externaltools.gnu-tools-for-stm32.7-2018-q2-update.win32_1.4.0.202007081208/tools/bin/../lib/gcc/arm-none-eabi/7.3.1/thumb/v7e-m/fpv4-sp/hard\libgcc.a(_arm_addsubdf3.o)
 .debug_frame   0x000000000000592c       0x50 c:/st/stm32cubeide_1.4.0/stm32cubeide/plugins/com.st.stm32cube.ide.mcu.externaltools.gnu-tools-for-stm32.7-2018-q2-update.win32_1.4.0.202007081208/tools/bin/../lib/gcc/arm-none-eabi/7.3.1/thumb/v7e-m/fpv4-sp/hard\libgcc.a(_arm_muldivdf3.o)
 .debug_frame   0x000000000000597c       0x24 c:/st/stm32cubeide_1.4.0/stm32cubeide/plugins/com.st.stm32cube.ide.mcu.externaltools.gnu-tools-for-stm32.7-2018-q2-update.win32_1.4.0.202007081208/tools/bin/../lib/gcc/arm-none-eabi/7.3.1/thumb/v7e-m/fpv4-sp/hard\libgcc.a(_arm_truncdfsf2.o)
