core_cm4.h:1939:34:__NVIC_SystemReset	4	static,ignoring_inline_asm
main.c:100:6:HAL_CAN_RxFifo0MsgPendingCallback	16	static
main.c:117:5:main	40	static,ignoring_inline_asm
main.c:274:6:SystemClock_Config	160	static
main.c:325:13:MX_ADC1_Init	48	static
main.c:428:13:MX_CAN_Init	48	static
main.c:488:13:MX_I2C1_Init	8	static
main.c:534:13:MX_RTC_Init	8	static
main.c:568:13:MX_SPI1_Init	8	static
main.c:608:13:MX_SPI2_Init	8	static
main.c:648:13:MX_SPI3_Init	8	static
main.c:686:13:MX_DMA_Init	16	static
main.c:704:13:MX_GPIO_Init	48	static
main.c:787:6:jump_to_bootloader	24	static,ignoring_inline_asm
main.c:841:6:Reboot	8	static
main.c:851:6:Error_Handler	4	static
