ReadSensorValues.c:58:8:user_spi1_read	24	static
ReadSensorValues.c:70:8:user_spi1_write	24	static
ReadSensorValues.c:82:8:user_spi2_read	24	static
ReadSensorValues.c:94:8:user_spi2_write	24	static
ReadSensorValues.c:107:8:user_spi3_read	24	static
ReadSensorValues.c:119:8:user_spi3_write	24	static
ReadSensorValues.c:133:6:send_sensor_value	64	static
ReadSensorValues.c:247:6:user_delay_ms	16	static
ReadSensorValues.c:251:12:get_chip_pin	24	static
ReadSensorValues.c:290:6:chip_select	24	static
ReadSensorValues.c:296:6:chip_unselect	24	static
ReadSensorValues.c:302:12:get_force_chip_pin	24	static
ReadSensorValues.c:354:6:force_sensor_select	24	static
ReadSensorValues.c:361:6:force_sensor_unselect	24	static
ReadSensorValues.c:367:6:get_temperature_humidity	16	static
ReadSensorValues.c:431:6:HAL_ADC_ConvCpltCallback	24	static
ReadSensorValues.c:444:7:DataProcessing	64	static
ReadSensorValues.c:483:6:ClearBuffer	24	static
ReadSensorValues.c:499:6:get_force_sensor_value	24	static
ReadSensorValues.c:594:6:ReadUID	4	static
ReadSensorValues.c:602:6:update_sensor_values	8	static
ReadSensorValues.c:617:6:update_other_values	8	static
ReadSensorValues.c:628:6:init_HTS221	24	static
ReadSensorValues.c:653:6:parse_can_header	24	static
ReadSensorValues.c:664:10:generate_can_header	24	static
