lis2dh12_reg.c:52:9:lis2dh12_read_reg	40	static
lis2dh12_reg.c:70:9:lis2dh12_write_reg	40	static
lis2dh12_reg.c:90:7:lis2dh12_from_fs2_hr_to_mg	16	static
lis2dh12_reg.c:95:7:lis2dh12_from_fs4_hr_to_mg	16	static
lis2dh12_reg.c:100:7:lis2dh12_from_fs8_hr_to_mg	16	static
lis2dh12_reg.c:105:7:lis2dh12_from_fs16_hr_to_mg	16	static
lis2dh12_reg.c:110:7:lis2dh12_from_lsb_hr_to_celsius	16	static
lis2dh12_reg.c:115:7:lis2dh12_from_fs2_nm_to_mg	16	static
lis2dh12_reg.c:120:7:lis2dh12_from_fs4_nm_to_mg	16	static
lis2dh12_reg.c:125:7:lis2dh12_from_fs8_nm_to_mg	16	static
lis2dh12_reg.c:130:7:lis2dh12_from_fs16_nm_to_mg	16	static
lis2dh12_reg.c:135:7:lis2dh12_from_lsb_nm_to_celsius	16	static
lis2dh12_reg.c:140:7:lis2dh12_from_fs2_lp_to_mg	16	static
lis2dh12_reg.c:145:7:lis2dh12_from_fs4_lp_to_mg	16	static
lis2dh12_reg.c:150:7:lis2dh12_from_fs8_lp_to_mg	16	static
lis2dh12_reg.c:155:7:lis2dh12_from_fs16_lp_to_mg	16	static
lis2dh12_reg.c:160:7:lis2dh12_from_lsb_lp_to_celsius	16	static
lis2dh12_reg.c:185:9:lis2dh12_temp_status_reg_get	24	static
lis2dh12_reg.c:199:9:lis2dh12_temp_data_ready_get	24	static
lis2dh12_reg.c:218:9:lis2dh12_temp_data_ovr_get	24	static
lis2dh12_reg.c:237:9:lis2dh12_temperature_raw_get	24	static
lis2dh12_reg.c:251:9:lis2dh12_temperature_meas_set	24	static
lis2dh12_reg.c:273:9:lis2dh12_temperature_meas_get	24	static
lis2dh12_reg.c:303:9:lis2dh12_operating_mode_set	32	static
lis2dh12_reg.c:344:9:lis2dh12_operating_mode_get	32	static
lis2dh12_reg.c:372:9:lis2dh12_data_rate_set	24	static
lis2dh12_reg.c:393:9:lis2dh12_data_rate_get	24	static
lis2dh12_reg.c:446:9:lis2dh12_high_pass_on_outputs_set	24	static
lis2dh12_reg.c:468:9:lis2dh12_high_pass_on_outputs_get	24	static
lis2dh12_reg.c:493:9:lis2dh12_high_pass_bandwidth_set	24	static
lis2dh12_reg.c:521:9:lis2dh12_high_pass_bandwidth_get	24	static
lis2dh12_reg.c:556:9:lis2dh12_high_pass_mode_set	24	static
lis2dh12_reg.c:577:9:lis2dh12_high_pass_mode_get	24	static
lis2dh12_reg.c:611:9:lis2dh12_full_scale_set	24	static
lis2dh12_reg.c:632:9:lis2dh12_full_scale_get	24	static
lis2dh12_reg.c:666:9:lis2dh12_block_data_update_set	24	static
lis2dh12_reg.c:687:9:lis2dh12_block_data_update_get	24	static
lis2dh12_reg.c:707:9:lis2dh12_filter_reference_set	24	static
lis2dh12_reg.c:723:9:lis2dh12_filter_reference_get	24	static
lis2dh12_reg.c:737:9:lis2dh12_xl_data_ready_get	24	static
lis2dh12_reg.c:755:9:lis2dh12_xl_data_ovr_get	24	static
lis2dh12_reg.c:773:9:lis2dh12_acceleration_raw_get	24	static
lis2dh12_reg.c:799:9:lis2dh12_device_id_get	24	static
lis2dh12_reg.c:813:9:lis2dh12_self_test_set	24	static
lis2dh12_reg.c:834:9:lis2dh12_self_test_get	24	static
lis2dh12_reg.c:865:9:lis2dh12_data_format_set	24	static
lis2dh12_reg.c:886:9:lis2dh12_data_format_get	24	static
lis2dh12_reg.c:914:9:lis2dh12_boot_set	24	static
lis2dh12_reg.c:935:9:lis2dh12_boot_get	24	static
lis2dh12_reg.c:954:9:lis2dh12_status_get	24	static
lis2dh12_reg.c:981:9:lis2dh12_int1_gen_conf_set	24	static
lis2dh12_reg.c:997:9:lis2dh12_int1_gen_conf_get	24	static
lis2dh12_reg.c:1013:9:lis2dh12_int1_gen_source_get	24	static
lis2dh12_reg.c:1030:9:lis2dh12_int1_gen_threshold_set	24	static
lis2dh12_reg.c:1053:9:lis2dh12_int1_gen_threshold_get	24	static
lis2dh12_reg.c:1073:9:lis2dh12_int1_gen_duration_set	24	static
lis2dh12_reg.c:1095:9:lis2dh12_int1_gen_duration_get	24	static
lis2dh12_reg.c:1127:9:lis2dh12_int2_gen_conf_set	24	static
lis2dh12_reg.c:1143:9:lis2dh12_int2_gen_conf_get	24	static
lis2dh12_reg.c:1158:9:lis2dh12_int2_gen_source_get	24	static
lis2dh12_reg.c:1175:9:lis2dh12_int2_gen_threshold_set	24	static
lis2dh12_reg.c:1198:9:lis2dh12_int2_gen_threshold_get	24	static
lis2dh12_reg.c:1218:9:lis2dh12_int2_gen_duration_set	24	static
lis2dh12_reg.c:1240:9:lis2dh12_int2_gen_duration_get	24	static
lis2dh12_reg.c:1271:9:lis2dh12_high_pass_int_conf_set	24	static
lis2dh12_reg.c:1293:9:lis2dh12_high_pass_int_conf_get	24	static
lis2dh12_reg.c:1340:9:lis2dh12_pin_int1_config_set	24	static
lis2dh12_reg.c:1356:9:lis2dh12_pin_int1_config_get	24	static
lis2dh12_reg.c:1373:9:lis2dh12_int2_pin_detect_4d_set	24	static
lis2dh12_reg.c:1395:9:lis2dh12_int2_pin_detect_4d_get	24	static
lis2dh12_reg.c:1416:9:lis2dh12_int2_pin_notification_mode_set	24	static
lis2dh12_reg.c:1440:9:lis2dh12_int2_pin_notification_mode_get	24	static
lis2dh12_reg.c:1470:9:lis2dh12_int1_pin_detect_4d_set	24	static
lis2dh12_reg.c:1492:9:lis2dh12_int1_pin_detect_4d_get	24	static
lis2dh12_reg.c:1512:9:lis2dh12_int1_pin_notification_mode_set	24	static
lis2dh12_reg.c:1535:9:lis2dh12_int1_pin_notification_mode_get	24	static
lis2dh12_reg.c:1564:9:lis2dh12_pin_int2_config_set	24	static
lis2dh12_reg.c:1580:9:lis2dh12_pin_int2_config_get	24	static
lis2dh12_reg.c:1607:9:lis2dh12_fifo_set	24	static
lis2dh12_reg.c:1628:9:lis2dh12_fifo_get	24	static
lis2dh12_reg.c:1647:9:lis2dh12_fifo_watermark_set	24	static
lis2dh12_reg.c:1668:9:lis2dh12_fifo_watermark_get	24	static
lis2dh12_reg.c:1687:9:lis2dh12_fifo_trigger_event_set	24	static
lis2dh12_reg.c:1709:9:lis2dh12_fifo_trigger_event_get	24	static
lis2dh12_reg.c:1738:9:lis2dh12_fifo_mode_set	24	static
lis2dh12_reg.c:1759:9:lis2dh12_fifo_mode_get	24	static
lis2dh12_reg.c:1793:9:lis2dh12_fifo_status_get	24	static
lis2dh12_reg.c:1808:9:lis2dh12_fifo_data_level_get	24	static
lis2dh12_reg.c:1826:9:lis2dh12_fifo_empty_flag_get	24	static
lis2dh12_reg.c:1844:9:lis2dh12_fifo_ovr_flag_get	24	static
lis2dh12_reg.c:1862:9:lis2dh12_fifo_fth_flag_get	24	static
lis2dh12_reg.c:1893:9:lis2dh12_tap_conf_set	24	static
lis2dh12_reg.c:1908:9:lis2dh12_tap_conf_get	24	static
lis2dh12_reg.c:1922:9:lis2dh12_tap_source_get	24	static
lis2dh12_reg.c:1937:9:lis2dh12_tap_threshold_set	24	static
lis2dh12_reg.c:1959:9:lis2dh12_tap_threshold_get	24	static
lis2dh12_reg.c:1981:9:lis2dh12_tap_notification_mode_set	24	static
lis2dh12_reg.c:2006:9:lis2dh12_tap_notification_mode_get	24	static
lis2dh12_reg.c:2037:9:lis2dh12_shock_dur_set	24	static
lis2dh12_reg.c:2060:9:lis2dh12_shock_dur_get	24	static
lis2dh12_reg.c:2082:9:lis2dh12_quiet_dur_set	24	static
lis2dh12_reg.c:2106:9:lis2dh12_quiet_dur_get	24	static
lis2dh12_reg.c:2128:9:lis2dh12_double_tap_timeout_set	24	static
lis2dh12_reg.c:2152:9:lis2dh12_double_tap_timeout_get	24	static
lis2dh12_reg.c:2186:9:lis2dh12_act_threshold_set	24	static
lis2dh12_reg.c:2209:9:lis2dh12_act_threshold_get	24	static
lis2dh12_reg.c:2229:9:lis2dh12_act_timeout_set	24	static
lis2dh12_reg.c:2251:9:lis2dh12_act_timeout_get	24	static
lis2dh12_reg.c:2283:9:lis2dh12_pin_sdo_sa0_mode_set	24	static
lis2dh12_reg.c:2305:9:lis2dh12_pin_sdo_sa0_mode_get	24	static
lis2dh12_reg.c:2334:9:lis2dh12_spi_mode_set	24	static
lis2dh12_reg.c:2355:9:lis2dh12_spi_mode_get	24	static
lis2dh12_reg.c:2375:9:platform_write_lis2dh	40	static
lis2dh12_reg.c:2381:9:platform_read_lis2dh	40	static
lis2dh12_reg.c:2387:9:lis2dh12_init	16	static
lis2dh12_reg.c:2408:9:lis2dh12_get_XYZ	48	static
